// Jest Snapshot v1, https://goo.gl/fbAQLP

exports[`<Favorite /> component offer name should take full space if no geolocation 1`] = `
"Snapshot Diff:
- First value
+ Second value

@@ -112,10 +112,22 @@
                  \\"flexDirection\\": \\"row\\",
                },
              ]
            }
          >
+           <View
+             flex={0.7}
+             style={
+               Array [
+                 Object {
+                   \\"flexBasis\\": 0,
+                   \\"flexGrow\\": 0.7,
+                   \\"flexShrink\\": 1,
+                 },
+               ]
+             }
+           >
              <Text
                numberOfLines={2}
                style={
                  Array [
                    Object {
@@ -127,10 +139,39 @@
                  ]
                }
              >
                Un lit sous une rivi√®re
              </Text>
+           </View>
+           <View
+             flex={0.3}
+             style={
+               Array [
+                 Object {
+                   \\"flexBasis\\": 0,
+                   \\"flexGrow\\": 0.3,
+                   \\"flexShrink\\": 1,
+                 },
+               ]
+             }
+           >
+             <Text
+               style={
+                 Array [
+                   Object {
+                     \\"color\\": \\"#626262\\",
+                     \\"fontFamily\\": \\"Montserrat-Regular\\",
+                     \\"fontSize\\": 15,
+                     \\"lineHeight\\": 20,
+                     \\"textAlign\\": \\"right\\",
+                   },
+                 ]
+               }
+             >
+               10 km
+             </Text>
+           </View>
          </View>
          <View
            numberOfSpaces={1}
            style={
              Array ["
`;
