// Jest Snapshot v1, https://goo.gl/fbAQLP

exports[`LocationFilter component should render correctly 1`] = `
Array [
  <View
    customHeight={16}
    style={
      Array [
        Object {
          "height": 16,
        },
      ]
    }
  />,
  <RCTScrollView
    contentContainerStyle={
      Object {
        "flexGrow": 1,
        "paddingLeft": 8,
      }
    }
  >
    <View>
      <View
        numberOfSpaces={14}
        style={
          Array [
            Object {
              "height": 56,
            },
          ]
        }
      />
      <View
        numberOfSpaces={6}
        style={
          Array [
            Object {
              "height": 24,
            },
          ]
        }
      />
      <View
        style={
          Array [
            Object {
              "marginHorizontal": 24,
            },
          ]
        }
      >
        <View
          style={
            Array [
              Object {
                "alignItems": "center",
                "backgroundColor": "#f5f5f5",
                "borderRadius": 4,
                "display": "flex",
                "flexDirection": "row",
                "paddingVertical": 16,
              },
            ]
          }
        >
          <View
            numberOfSpaces={3}
            style={
              Array [
                Object {
                  "width": 12,
                },
              ]
            }
          />
          <View
            height={32}
            width={32}
          >
            <Text>
              undefined-SVG-Mock
            </Text>
          </View>
          <View
            numberOfSpaces={3}
            style={
              Array [
                Object {
                  "width": 12,
                },
              ]
            }
          />
          <View
            style={
              Array [
                Object {
                  "flexShrink": 1,
                },
              ]
            }
          >
            <Text
              color="#151515"
              style={
                Array [
                  Object {
                    "color": "#151515",
                    "fontFamily": "Montserrat-SemiBold",
                    "fontSize": 12,
                    "lineHeight": 16,
                  },
                ]
              }
            >
              Seules les sorties et offres physiques seront affich√©es pour une recherche avec une localisation
            </Text>
          </View>
          <View
            numberOfSpaces={5}
            style={
              Array [
                Object {
                  "width": 20,
                },
              ]
            }
          />
        </View>
      </View>
      <View
        numberOfSpaces={6}
        style={
          Array [
            Object {
              "height": 24,
            },
          ]
        }
      />
      <View
        accessible={true}
        focusable={true}
        onClick={[Function]}
        onResponderGrant={[Function]}
        onResponderMove={[Function]}
        onResponderRelease={[Function]}
        onResponderTerminate={[Function]}
        onResponderTerminationRequest={[Function]}
        onStartShouldSetResponder={[Function]}
        style={
          Object {
            "alignItems": "center",
            "display": "flex",
            "flexDirection": "row",
            "justifyContent": "space-between",
            "marginHorizontal": 24,
            "opacity": 1,
          }
        }
        testID="locationChoice-pickPlace"
      >
        <View
          style={
            Array [
              Object {
                "alignItems": "center",
                "flexBasis": 0,
                "flexDirection": "row",
                "flexGrow": 1,
                "flexShrink": 1,
              },
            ]
          }
        >
          <View
            height={48}
            width={48}
          >
            <Text>
              undefined-SVG-Mock
            </Text>
          </View>
          <View
            numberOfSpaces={2}
            style={
              Array [
                Object {
                  "width": 8,
                },
              ]
            }
          />
          <Text
            color="#151515"
            numberOfLines={3}
            style={
              Array [
                Object {
                  "color": "#151515",
                  "fontFamily": "Montserrat-Bold",
                  "fontSize": 15,
                  "lineHeight": 20,
                },
              ]
            }
          >
            Choisir un lieu
          </Text>
        </View>
        <View
          numberOfSpaces={2}
          style={
            Array [
              Object {
                "width": 8,
              },
            ]
          }
        />
        <View
          height={32}
          width={32}
        >
          <Text>
            undefined-SVG-Mock
          </Text>
        </View>
      </View>
      <View
        numberOfSpaces={4}
        style={
          Array [
            Object {
              "height": 16,
            },
          ]
        }
      />
      <View
        accessible={true}
        focusable={true}
        onClick={[Function]}
        onResponderGrant={[Function]}
        onResponderMove={[Function]}
        onResponderRelease={[Function]}
        onResponderTerminate={[Function]}
        onResponderTerminationRequest={[Function]}
        onStartShouldSetResponder={[Function]}
        style={
          Object {
            "alignItems": "center",
            "display": "flex",
            "flexDirection": "row",
            "justifyContent": "space-between",
            "marginHorizontal": 24,
            "opacity": 1,
          }
        }
        testID="locationChoice-aroundMe"
      >
        <View
          style={
            Array [
              Object {
                "alignItems": "center",
                "flexBasis": 0,
                "flexDirection": "row",
                "flexGrow": 1,
                "flexShrink": 1,
              },
            ]
          }
        >
          <View
            height={48}
            width={48}
          >
            <Text>
              undefined-SVG-Mock
            </Text>
          </View>
          <View
            numberOfSpaces={2}
            style={
              Array [
                Object {
                  "width": 8,
                },
              ]
            }
          />
          <Text
            color="#151515"
            numberOfLines={3}
            style={
              Array [
                Object {
                  "color": "#151515",
                  "fontFamily": "Montserrat-Bold",
                  "fontSize": 15,
                  "lineHeight": 20,
                },
              ]
            }
          >
            Autour de moi
          </Text>
        </View>
        <View
          numberOfSpaces={10}
          style={
            Array [
              Object {
                "width": 40,
              },
            ]
          }
        />
      </View>
      <View
        numberOfSpaces={4}
        style={
          Array [
            Object {
              "height": 16,
            },
          ]
        }
      />
      <View
        accessible={true}
        focusable={true}
        onClick={[Function]}
        onResponderGrant={[Function]}
        onResponderMove={[Function]}
        onResponderRelease={[Function]}
        onResponderTerminate={[Function]}
        onResponderTerminationRequest={[Function]}
        onStartShouldSetResponder={[Function]}
        style={
          Object {
            "alignItems": "center",
            "display": "flex",
            "flexDirection": "row",
            "justifyContent": "space-between",
            "marginHorizontal": 24,
            "opacity": 1,
          }
        }
        testID="locationChoice-everywhere"
      >
        <View
          style={
            Array [
              Object {
                "alignItems": "center",
                "flexBasis": 0,
                "flexDirection": "row",
                "flexGrow": 1,
                "flexShrink": 1,
              },
            ]
          }
        >
          <View
            height={48}
            width={48}
          >
            <Text>
              undefined-SVG-Mock
            </Text>
          </View>
          <View
            numberOfSpaces={2}
            style={
              Array [
                Object {
                  "width": 8,
                },
              ]
            }
          />
          <Text
            color="#eb0055"
            numberOfLines={3}
            style={
              Array [
                Object {
                  "color": "#eb0055",
                  "fontFamily": "Montserrat-Bold",
                  "fontSize": 15,
                  "lineHeight": 20,
                },
              ]
            }
          >
            Partout
          </Text>
        </View>
        <View
          style={
            Array [
              Object {
                "alignItems": "flex-end",
                "width": 64,
              },
            ]
          }
        >
          <View
            height={32}
            testID="validateIcon"
            width={32}
          >
            <Text>
              validateIcon-SVG-Mock
            </Text>
          </View>
        </View>
        <View
          numberOfSpaces={10}
          style={
            Array [
              Object {
                "width": 40,
              },
            ]
          }
        />
      </View>
    </View>
  </RCTScrollView>,
  <View
    style={
      Array [
        Object {
          "backgroundColor": "#eb0055",
          "position": "absolute",
          "top": 0,
          "width": "100%",
        },
      ]
    }
  >
    <View
      customHeight={16}
      style={
        Array [
          Object {
            "height": 16,
          },
        ]
      }
    />
    <View
      numberOfSpaces={2}
      style={
        Array [
          Object {
            "height": 8,
          },
        ]
      }
    />
    <View
      style={
        Array [
          Object {
            "alignItems": "center",
            "flexDirection": "row",
            "justifyContent": "space-between",
          },
        ]
      }
    >
      <View
        positionInHeader="left"
        style={
          Array [
            Object {
              "alignItems": "center",
              "flexBasis": 0,
              "flexDirection": "row",
              "flexGrow": 1,
              "flexShrink": 1,
              "justifyContent": "flex-start",
              "paddingLeft": 12,
              "paddingRight": 12,
            },
          ]
        }
      >
        <View
          accessibilityLabel="Revenir en arri√®re"
          accessible={true}
          focusable={true}
          onClick={[Function]}
          onResponderGrant={[Function]}
          onResponderMove={[Function]}
          onResponderRelease={[Function]}
          onResponderTerminate={[Function]}
          onResponderTerminationRequest={[Function]}
          onStartShouldSetResponder={[Function]}
          style={
            Object {
              "opacity": 1,
            }
          }
          testID="Revenir en arri√®re"
        >
          <View
            height={32}
            testID="icon-back"
            width={32}
          >
            <Text>
              icon-back-SVG-Mock
            </Text>
          </View>
        </View>
      </View>
      <Text
        color="#ffffff"
        numberOfLines={1}
        style={
          Array [
            Object {
              "color": "#ffffff",
              "fontFamily": "Montserrat-Regular",
              "fontSize": 15,
              "lineHeight": 20,
              "textAlign": "center",
            },
          ]
        }
      >
        Localisation
      </Text>
      <View
        positionInHeader="right"
        style={
          Array [
            Object {
              "alignItems": "center",
              "flexBasis": 0,
              "flexDirection": "row",
              "flexGrow": 1,
              "flexShrink": 1,
              "justifyContent": "flex-end",
              "paddingLeft": 12,
              "paddingRight": 12,
            },
          ]
        }
      />
    </View>
    <View
      numberOfSpaces={2}
      style={
        Array [
          Object {
            "height": 8,
          },
        ]
      }
    />
  </View>,
]
`;
