// Jest Snapshot v1, https://goo.gl/fbAQLP

exports[`TabBar renders correctly 1`] = `
<View
  style={
    Array [
      Object {
        "alignItems": "center",
        "backgroundColor": "#fffffff8",
        "borderColor": "#f5f5f5",
        "borderStyle": "solid",
        "borderWidth": 1,
        "bottom": 0,
        "position": "absolute",
        "shadowColor": "#151515",
        "shadowOffset": Object {
          "height": 1,
          "width": 0,
        },
        "shadowOpacity": 0.2,
        "shadowRadius": 4,
        "width": "100%",
      },
    ]
  }
>
  <View
    style={
      Array [
        Object {
          "flexDirection": "row",
        },
      ]
    }
  >
    <View
      numberOfSpaces={4}
      style={
        Array [
          Object {
            "width": 16,
          },
        ]
      }
    />
    <View
      accessibilityLabel="Home tab"
      accessible={true}
      focusable={true}
      onClick={[Function]}
      onResponderGrant={[Function]}
      onResponderMove={[Function]}
      onResponderRelease={[Function]}
      onResponderTerminate={[Function]}
      onResponderTerminationRequest={[Function]}
      onStartShouldSetResponder={[Function]}
      style={
        Object {
          "alignItems": "center",
          "flexBasis": 0,
          "flexGrow": 1,
          "flexShrink": 1,
          "height": 64,
          "marginTop": -1,
          "opacity": 1,
        }
      }
      testID="Home tab"
    >
      <View
        height={3}
        testID="Home tab selected"
        width={44}
      >
        <Text>
          Home tab selected-SVG-Mock
        </Text>
      </View>
      <View
        style={
          Array [
            Object {
              "flexBasis": 0,
              "flexGrow": 1,
              "flexShrink": 1,
            },
          ]
        }
      />
      <View
        height={44}
        width={44}
      >
        <Text>
          undefined-SVG-Mock
        </Text>
      </View>
      <View
        style={
          Array [
            Object {
              "flexBasis": 0,
              "flexGrow": 1,
              "flexShrink": 1,
            },
          ]
        }
      />
      <View
        style={
          Array [
            Object {
              "height": 3,
            },
          ]
        }
      />
    </View>
    <View
      accessibilityLabel="Search tab"
      accessible={true}
      focusable={true}
      onClick={[Function]}
      onResponderGrant={[Function]}
      onResponderMove={[Function]}
      onResponderRelease={[Function]}
      onResponderTerminate={[Function]}
      onResponderTerminationRequest={[Function]}
      onStartShouldSetResponder={[Function]}
      style={
        Object {
          "alignItems": "center",
          "flexBasis": 0,
          "flexGrow": 1,
          "flexShrink": 1,
          "height": 64,
          "marginTop": -1,
          "opacity": 1,
        }
      }
      testID="Search tab"
    >
      <View
        style={
          Array [
            Object {
              "flexBasis": 0,
              "flexGrow": 1,
              "flexShrink": 1,
            },
          ]
        }
      />
      <View
        height={44}
        width={44}
      >
        <Text>
          undefined-SVG-Mock
        </Text>
      </View>
      <View
        style={
          Array [
            Object {
              "flexBasis": 0,
              "flexGrow": 1,
              "flexShrink": 1,
            },
          ]
        }
      />
    </View>
    <View
      accessibilityLabel="Bookings tab"
      accessible={true}
      focusable={true}
      onClick={[Function]}
      onResponderGrant={[Function]}
      onResponderMove={[Function]}
      onResponderRelease={[Function]}
      onResponderTerminate={[Function]}
      onResponderTerminationRequest={[Function]}
      onStartShouldSetResponder={[Function]}
      style={
        Object {
          "alignItems": "center",
          "flexBasis": 0,
          "flexGrow": 1,
          "flexShrink": 1,
          "height": 64,
          "marginTop": -1,
          "opacity": 1,
        }
      }
      testID="Bookings tab"
    >
      <View
        style={
          Array [
            Object {
              "flexBasis": 0,
              "flexGrow": 1,
              "flexShrink": 1,
            },
          ]
        }
      />
      <View
        height={44}
        width={44}
      >
        <Text>
          undefined-SVG-Mock
        </Text>
      </View>
      <View
        style={
          Array [
            Object {
              "flexBasis": 0,
              "flexGrow": 1,
              "flexShrink": 1,
            },
          ]
        }
      />
    </View>
    <View
      accessibilityLabel="Favorites tab"
      accessible={true}
      focusable={true}
      onClick={[Function]}
      onResponderGrant={[Function]}
      onResponderMove={[Function]}
      onResponderRelease={[Function]}
      onResponderTerminate={[Function]}
      onResponderTerminationRequest={[Function]}
      onStartShouldSetResponder={[Function]}
      style={
        Object {
          "alignItems": "center",
          "flexBasis": 0,
          "flexGrow": 1,
          "flexShrink": 1,
          "height": 64,
          "marginTop": -1,
          "opacity": 1,
        }
      }
      testID="Favorites tab"
    >
      <View
        style={
          Array [
            Object {
              "flexBasis": 0,
              "flexGrow": 1,
              "flexShrink": 1,
            },
          ]
        }
      />
      <View
        height={44}
        width={44}
      >
        <Text>
          undefined-SVG-Mock
        </Text>
      </View>
      <View
        style={
          Array [
            Object {
              "flexBasis": 0,
              "flexGrow": 1,
              "flexShrink": 1,
            },
          ]
        }
      />
    </View>
    <View
      accessibilityLabel="Profile tab"
      accessible={true}
      focusable={true}
      onClick={[Function]}
      onResponderGrant={[Function]}
      onResponderMove={[Function]}
      onResponderRelease={[Function]}
      onResponderTerminate={[Function]}
      onResponderTerminationRequest={[Function]}
      onStartShouldSetResponder={[Function]}
      style={
        Object {
          "alignItems": "center",
          "flexBasis": 0,
          "flexGrow": 1,
          "flexShrink": 1,
          "height": 64,
          "marginTop": -1,
          "opacity": 1,
        }
      }
      testID="Profile tab"
    >
      <View
        style={
          Array [
            Object {
              "flexBasis": 0,
              "flexGrow": 1,
              "flexShrink": 1,
            },
          ]
        }
      />
      <View
        height={44}
        width={44}
      >
        <Text>
          undefined-SVG-Mock
        </Text>
      </View>
      <View
        style={
          Array [
            Object {
              "flexBasis": 0,
              "flexGrow": 1,
              "flexShrink": 1,
            },
          ]
        }
      />
    </View>
    <View
      numberOfSpaces={4}
      style={
        Array [
          Object {
            "width": 16,
          },
        ]
      }
    />
  </View>
  <View
    safeHeight={5}
    style={
      Array [
        Object {
          "height": 5,
        },
      ]
    }
  />
</View>
`;
