// Jest Snapshot v1, https://goo.gl/fbAQLP

exports[`CheatCodes component should have a button to go to the Login 1`] = `
<View>
  <View
    accessibilityRole="button"
    accessibilityState={Object {}}
    accessible={true}
    focusable={true}
    onClick={[Function]}
    onResponderGrant={[Function]}
    onResponderMove={[Function]}
    onResponderRelease={[Function]}
    onResponderTerminate={[Function]}
    onResponderTerminationRequest={[Function]}
    onStartShouldSetResponder={[Function]}
    style={
      Object {
        "opacity": 1,
      }
    }
    testID="crashTestButton"
  >
    <View
      style={
        Array [
          Object {},
        ]
      }
    >
      <Text
        style={
          Array [
            Object {
              "color": "#007AFF",
              "fontSize": 18,
              "margin": 8,
              "textAlign": "center",
            },
          ]
        }
      >
        Crash the app
      </Text>
    </View>
  </View>
  <View>
    <View
      accessibilityRole="button"
      accessibilityState={Object {}}
      accessible={true}
      focusable={true}
      onClick={[Function]}
      onResponderGrant={[Function]}
      onResponderMove={[Function]}
      onResponderRelease={[Function]}
      onResponderTerminate={[Function]}
      onResponderTerminationRequest={[Function]}
      onStartShouldSetResponder={[Function]}
      style={
        Object {
          "opacity": 1,
        }
      }
      testID="frLanguageButton"
    >
      <View
        style={
          Array [
            Object {},
          ]
        }
      >
        <Text
          disabled={false}
          style={
            Array [
              Object {
                "color": "#007AFF",
                "fontSize": 18,
                "margin": 8,
                "textAlign": "center",
              },
            ]
          }
        >
          FR
        </Text>
      </View>
    </View>
    <View
      accessibilityRole="button"
      accessibilityState={
        Object {
          "disabled": true,
        }
      }
      accessible={true}
      focusable={true}
      onClick={[Function]}
      onResponderGrant={[Function]}
      onResponderMove={[Function]}
      onResponderRelease={[Function]}
      onResponderTerminate={[Function]}
      onResponderTerminationRequest={[Function]}
      onStartShouldSetResponder={[Function]}
      style={
        Object {
          "opacity": 1,
        }
      }
      testID="enLanguageButton"
    >
      <View
        style={
          Array [
            Object {},
            Object {},
          ]
        }
      >
        <Text
          disabled={true}
          style={
            Array [
              Object {
                "color": "#007AFF",
                "fontSize": 18,
                "margin": 8,
                "textAlign": "center",
              },
              Object {
                "color": "#cdcdcd",
              },
            ]
          }
        >
          EN
        </Text>
      </View>
    </View>
  </View>
  <View
    accessible={true}
    focusable={true}
    onClick={[Function]}
    onResponderGrant={[Function]}
    onResponderMove={[Function]}
    onResponderRelease={[Function]}
    onResponderTerminate={[Function]}
    onResponderTerminationRequest={[Function]}
    onStartShouldSetResponder={[Function]}
    style={
      Object {
        "marginLeft": 5,
        "opacity": 1,
      }
    }
  >
    <Text
      style={
        Object {
          "fontSize": 12,
        }
      }
    >
      Check update
    </Text>
  </View>
  <View
    accessibilityRole="button"
    accessibilityState={Object {}}
    accessible={true}
    focusable={true}
    onClick={[Function]}
    onResponderGrant={[Function]}
    onResponderMove={[Function]}
    onResponderRelease={[Function]}
    onResponderTerminate={[Function]}
    onResponderTerminationRequest={[Function]}
    onStartShouldSetResponder={[Function]}
    style={
      Object {
        "opacity": 1,
      }
    }
  >
    <View
      style={
        Array [
          Object {},
        ]
      }
    >
      <Text
        style={
          Array [
            Object {
              "color": "#007AFF",
              "fontSize": 18,
              "margin": 8,
              "textAlign": "center",
            },
          ]
        }
      >
        Go to storybook
      </Text>
    </View>
  </View>
</View>
`;
