// Jest Snapshot v1, https://goo.gl/fbAQLP

exports[`<BookingImpossible /> should render 1`] = `
<View
  style={
    Array [
      Object {
        "alignContent": "center",
        "alignItems": "center",
        "justifyContent": "center",
        "width": "100%",
      },
    ]
  }
>
  <View
    height={68}
    width={68}
  >
    <Text>
      undefined-SVG-Mock
    </Text>
  </View>
  <View
    numberOfSpaces={6}
    style={
      Array [
        Object {
          "height": 24,
        },
      ]
    }
  />
  <Text
    style={
      Array [
        Object {
          "color": "#151515",
          "fontFamily": "Montserrat-Regular",
          "fontSize": 15,
          "lineHeight": 20,
          "paddingHorizontal": 24,
          "textAlign": "center",
        },
      ]
    }
  >
    Les conditions générales d'utilisation de l'App Store iOS ne permettent pas de réserver cette offre sur l'application.
  </Text>
  <View
    numberOfSpaces={6}
    style={
      Array [
        Object {
          "height": 24,
        },
      ]
    }
  />
  <Text
    style={
      Array [
        Object {
          "color": "#151515",
          "fontFamily": "Montserrat-Regular",
          "fontSize": 15,
          "lineHeight": 20,
          "paddingHorizontal": 24,
          "textAlign": "center",
        },
      ]
    }
  >
    Ajoute cette offre à tes favoris et rends-toi vite sur le site pass Culture afin de la réserver.
  </Text>
  <View
    numberOfSpaces={6}
    style={
      Array [
        Object {
          "height": 24,
        },
      ]
    }
  />
  <View
    accessible={true}
    focusable={true}
    onClick={[Function]}
    onResponderGrant={[Function]}
    onResponderMove={[Function]}
    onResponderRelease={[Function]}
    onResponderTerminate={[Function]}
    onResponderTerminationRequest={[Function]}
    onStartShouldSetResponder={[Function]}
    style={
      Object {
        "alignItems": "center",
        "backgroundColor": "#eb0055",
        "borderRadius": 24,
        "borderWidth": 0,
        "flexDirection": "row",
        "height": 40,
        "justifyContent": "center",
        "maxWidth": 500,
        "opacity": 1,
        "paddingBottom": 2,
        "paddingLeft": 2,
        "paddingRight": 2,
        "paddingTop": 2,
        "width": "100%",
      }
    }
    testID="button-container"
  >
    <Text
      adjustsFontSizeToFit={false}
      numberOfLines={1}
      style={
        Array [
          Object {
            "color": "#ffffff",
            "fontFamily": "Montserrat-Bold",
            "fontSize": 15,
            "lineHeight": 20,
            "marginLeft": 5,
            "maxWidth": 650,
          },
        ]
      }
      testID="button-title"
      textColor="#ffffff"
    >
      Mettre en favoris
    </Text>
  </View>
  <View
    numberOfSpaces={4}
    style={
      Array [
        Object {
          "height": 16,
        },
      ]
    }
  />
  <View
    accessible={true}
    focusable={true}
    onClick={[Function]}
    onResponderGrant={[Function]}
    onResponderMove={[Function]}
    onResponderRelease={[Function]}
    onResponderTerminate={[Function]}
    onResponderTerminationRequest={[Function]}
    onStartShouldSetResponder={[Function]}
    style={
      Object {
        "alignItems": "center",
        "backgroundColor": "transparent",
        "borderRadius": 24,
        "borderWidth": 0,
        "flexDirection": "row",
        "height": 40,
        "justifyContent": "center",
        "maxWidth": 500,
        "opacity": 1,
        "paddingBottom": 2,
        "paddingLeft": 2,
        "paddingRight": 2,
        "paddingTop": 2,
        "width": "100%",
      }
    }
    testID="button-container"
  >
    <Text
      adjustsFontSizeToFit={false}
      numberOfLines={1}
      style={
        Array [
          Object {
            "color": "#eb0055",
            "fontFamily": "Montserrat-Bold",
            "fontSize": 15,
            "lineHeight": 20,
            "marginLeft": 5,
            "maxWidth": 650,
          },
        ]
      }
      testID="button-title"
      textColor="#eb0055"
    >
      Retourner à l'offre
    </Text>
  </View>
  <View
    numberOfSpaces={4}
    style={
      Array [
        Object {
          "height": 16,
        },
      ]
    }
  />
</View>
`;
