// Jest Snapshot v1, https://goo.gl/fbAQLP

exports[`ReinitializePassword Page should validate PasswordSecurityRules when password is correct 1`] = `
"Snapshot Diff:
- First value
+ Second value

@@ -272,11 +272,11 @@
                        \\"flexShrink\\": 1,
                      },
                    ]
                  }
                  underlineColorAndroid=\\"transparent\\"
-                 value=\\"\\"
+                 value=\\"ABCDefgh1234!!!!\\"
                />
                <View
                  accessible={true}
                  focusable={true}
                  onClick={[Function onClick]}
@@ -327,21 +327,21 @@
                  ]
                }
              >
                <View
                  height={16}
-                 testID=\\"rule-icon-close\\"
+                 testID=\\"rule-icon-check\\"
                  width={16}
                >
-                 rule-icon-close-SVG-Mock
+                 rule-icon-check-SVG-Mock
                </View>
                <Text
-                 color=\\"#b60025\\"
+                 color=\\"#15884f\\"
                  style={
                    Array [
                      Object {
-                       \\"color\\": \\"#b60025\\",
+                       \\"color\\": \\"#15884f\\",
                        \\"fontFamily\\": \\"Montserrat-SemiBold\\",
                        \\"fontSize\\": 12,
                        \\"lineHeight\\": 16,
                        \\"paddingLeft\\": 4,
                      },
@@ -362,21 +362,21 @@
                  ]
                }
              >
                <View
                  height={16}
-                 testID=\\"rule-icon-close\\"
+                 testID=\\"rule-icon-check\\"
                  width={16}
                >
-                 rule-icon-close-SVG-Mock
+                 rule-icon-check-SVG-Mock
                </View>
                <Text
-                 color=\\"#b60025\\"
+                 color=\\"#15884f\\"
                  style={
                    Array [
                      Object {
-                       \\"color\\": \\"#b60025\\",
+                       \\"color\\": \\"#15884f\\",
                        \\"fontFamily\\": \\"Montserrat-SemiBold\\",
                        \\"fontSize\\": 12,
                        \\"lineHeight\\": 16,
                        \\"paddingLeft\\": 4,
                      },
@@ -397,21 +397,21 @@
                  ]
                }
              >
                <View
                  height={16}
-                 testID=\\"rule-icon-close\\"
+                 testID=\\"rule-icon-check\\"
                  width={16}
                >
-                 rule-icon-close-SVG-Mock
+                 rule-icon-check-SVG-Mock
                </View>
                <Text
-                 color=\\"#b60025\\"
+                 color=\\"#15884f\\"
                  style={
                    Array [
                      Object {
-                       \\"color\\": \\"#b60025\\",
+                       \\"color\\": \\"#15884f\\",
                        \\"fontFamily\\": \\"Montserrat-SemiBold\\",
                        \\"fontSize\\": 12,
                        \\"lineHeight\\": 16,
                        \\"paddingLeft\\": 4,
                      },
@@ -432,21 +432,21 @@
                  ]
                }
              >
                <View
                  height={16}
-                 testID=\\"rule-icon-close\\"
+                 testID=\\"rule-icon-check\\"
                  width={16}
                >
-                 rule-icon-close-SVG-Mock
+                 rule-icon-check-SVG-Mock
                </View>
                <Text
-                 color=\\"#b60025\\"
+                 color=\\"#15884f\\"
                  style={
                    Array [
                      Object {
-                       \\"color\\": \\"#b60025\\",
+                       \\"color\\": \\"#15884f\\",
                        \\"fontFamily\\": \\"Montserrat-SemiBold\\",
                        \\"fontSize\\": 12,
                        \\"lineHeight\\": 16,
                        \\"paddingLeft\\": 4,
                      },
@@ -467,21 +467,21 @@
                  ]
                }
              >
                <View
                  height={16}
-                 testID=\\"rule-icon-close\\"
+                 testID=\\"rule-icon-check\\"
                  width={16}
                >
-                 rule-icon-close-SVG-Mock
+                 rule-icon-check-SVG-Mock
                </View>
                <Text
-                 color=\\"#b60025\\"
+                 color=\\"#15884f\\"
                  style={
                    Array [
                      Object {
-                       \\"color\\": \\"#b60025\\",
+                       \\"color\\": \\"#15884f\\",
                        \\"fontFamily\\": \\"Montserrat-SemiBold\\",
                        \\"fontSize\\": 12,
                        \\"lineHeight\\": 16,
                        \\"paddingLeft\\": 4,
                      },"
`;
