// Jest Snapshot v1, https://goo.gl/fbAQLP

exports[`<ResetPasswordEmailSent /> should match snapshot 1`] = `
<View
  style={
    Object {
      "flex": 1,
    }
  }
>
  <RNCSafeAreaProvider
    onInsetsChange={[Function]}
    style={
      Array [
        Object {
          "flex": 1,
        },
        undefined,
      ]
    }
  >
    <View
      pointerEvents="box-none"
      style={
        Array [
          Object {
            "zIndex": 1,
          },
          false,
        ]
      }
    >
      <View
        accessibilityElementsHidden={false}
        importantForAccessibility="auto"
        onLayout={[Function]}
        pointerEvents="box-none"
        style={null}
      >
        <View
          pointerEvents="box-none"
          style={
            Object {
              "bottom": 0,
              "left": 0,
              "opacity": 1,
              "position": "absolute",
              "right": 0,
              "top": 0,
              "zIndex": 0,
            }
          }
        >
          <View
            style={
              Object {
                "backgroundColor": "rgb(255, 255, 255)",
                "borderBottomColor": "rgb(216, 216, 216)",
                "flex": 1,
                "shadowColor": "rgb(216, 216, 216)",
                "shadowOffset": Object {
                  "height": 0.5,
                  "width": 0,
                },
                "shadowOpacity": 0.85,
                "shadowRadius": 0,
              }
            }
          />
        </View>
        <View
          pointerEvents="box-none"
          style={
            Object {
              "height": 64,
              "maxHeight": undefined,
              "minHeight": undefined,
              "opacity": undefined,
              "transform": undefined,
            }
          }
        >
          <View
            pointerEvents="none"
            style={
              Object {
                "height": 20,
              }
            }
          />
          <View
            pointerEvents="box-none"
            style={
              Object {
                "alignItems": "center",
                "flex": 1,
                "flexDirection": "row",
                "justifyContent": "center",
              }
            }
          >
            <View
              pointerEvents="box-none"
              style={
                Object {
                  "marginHorizontal": 16,
                  "opacity": 1,
                }
              }
            >
              <Text
                accessibilityRole="header"
                aria-level="1"
                numberOfLines={1}
                onLayout={[Function]}
                style={
                  Object {
                    "color": "rgb(28, 28, 30)",
                    "fontSize": 17,
                    "fontWeight": "600",
                  }
                }
              >
                ResetPasswordEmailSent
              </Text>
            </View>
          </View>
        </View>
      </View>
    </View>
    <View
      onLayout={[Function]}
      style={
        Object {
          "flex": 1,
        }
      }
    >
      <View
        pointerEvents="box-none"
        style={
          Object {
            "bottom": 0,
            "left": 0,
            "position": "absolute",
            "right": 0,
            "top": 0,
          }
        }
      >
        <View
          collapsable={false}
          style={
            Object {
              "opacity": 1,
            }
          }
        />
        <View
          accessibilityElementsHidden={false}
          closing={false}
          gestureVelocityImpact={0.3}
          importantForAccessibility="auto"
          onClose={[Function]}
          onGestureBegin={[Function]}
          onGestureCanceled={[Function]}
          onGestureEnd={[Function]}
          onOpen={[Function]}
          onTransitionStart={[Function]}
          pointerEvents="box-none"
          style={
            Object {
              "bottom": 0,
              "left": 0,
              "position": "absolute",
              "right": 0,
              "top": 0,
            }
          }
          transitionSpec={
            Object {
              "close": Object {
                "animation": "spring",
                "config": Object {
                  "damping": 500,
                  "mass": 3,
                  "overshootClamping": true,
                  "restDisplacementThreshold": 10,
                  "restSpeedThreshold": 10,
                  "stiffness": 1000,
                },
              },
              "open": Object {
                "animation": "spring",
                "config": Object {
                  "damping": 500,
                  "mass": 3,
                  "overshootClamping": true,
                  "restDisplacementThreshold": 10,
                  "restSpeedThreshold": 10,
                  "stiffness": 1000,
                },
              },
            }
          }
        >
          <View
            pointerEvents="box-none"
            style={
              Object {
                "flex": 1,
              }
            }
          >
            <View
              collapsable={false}
              forwardedRef={[Function]}
              onGestureHandlerEvent={[Function]}
              onGestureHandlerStateChange={[Function]}
              style={
                Object {
                  "flex": 1,
                  "transform": Array [
                    Object {
                      "translateX": 0,
                    },
                    Object {
                      "translateX": 0,
                    },
                  ],
                }
              }
            >
              <View
                pointerEvents="none"
                style={
                  Object {
                    "backgroundColor": "rgb(242, 242, 242)",
                    "bottom": 0,
                    "left": 0,
                    "position": "absolute",
                    "shadowColor": "#000",
                    "shadowOffset": Object {
                      "height": 1,
                      "width": -1,
                    },
                    "shadowOpacity": 0.3,
                    "shadowRadius": 5,
                    "top": 0,
                    "width": 3,
                  }
                }
              />
              <View
                style={
                  Array [
                    Object {
                      "flex": 1,
                      "overflow": "hidden",
                    },
                    Array [
                      Object {
                        "backgroundColor": "rgb(242, 242, 242)",
                      },
                      undefined,
                    ],
                  ]
                }
              >
                <View
                  style={
                    Object {
                      "flex": 1,
                      "flexDirection": "column-reverse",
                    }
                  }
                >
                  <View
                    style={
                      Object {
                        "flex": 1,
                      }
                    }
                  >
                    <RNCSafeAreaView
                      style={
                        Array [
                          Object {
                            "height": "100%",
                          },
                        ]
                      }
                    >
                      <View
                        style={
                          Array [
                            Object {
                              "height": "100%",
                              "left": 0,
                              "position": "absolute",
                              "top": 0,
                              "width": "100%",
                            },
                          ]
                        }
                      >
                        <View
                          height="100%"
                          width="100%"
                        >
                          <Text>
                            undefined-SVG-Mock
                          </Text>
                        </View>
                      </View>
                      <View
                        onPress={[Function]}
                        style={
                          Array [
                            Object {
                              "height": "100%",
                              "justifyContent": "flex-end",
                              "width": "100%",
                            },
                          ]
                        }
                      >
                        <View
                          onLayout={[Function]}
                          style={
                            Object {
                              "paddingBottom": 0,
                            }
                          }
                        >
                          <RCTScrollView
                            contentContainerStyle={
                              Object {
                                "alignItems": "center",
                                "backgroundColor": "#ffffff",
                                "borderTopLeftRadius": 16,
                                "borderTopRightRadius": 16,
                                "flexDirection": "column",
                                "padding": 24,
                                "paddingBottom": 16,
                                "width": "100%",
                              }
                            }
                            customPaddingBottom={16}
                            keyboardShouldPersistTaps="handled"
                            scrollEnabled={false}
                            style={
                              Array [
                                Object {
                                  "shadowColor": "#151515",
                                  "shadowOffset": Object {
                                    "height": 8,
                                    "width": 0,
                                  },
                                  "shadowOpacity": 0.15,
                                  "shadowRadius": 4,
                                },
                              ]
                            }
                          >
                            <View>
                              <View
                                style={
                                  Array [
                                    Object {
                                      "alignItems": "center",
                                      "flexDirection": "row",
                                      "justifyContent": "space-between",
                                      "width": "100%",
                                      "zIndex": 1,
                                    },
                                  ]
                                }
                              >
                                <View
                                  accessible={true}
                                  focusable={true}
                                  onClick={[Function]}
                                  onResponderGrant={[Function]}
                                  onResponderMove={[Function]}
                                  onResponderRelease={[Function]}
                                  onResponderTerminate={[Function]}
                                  onResponderTerminationRequest={[Function]}
                                  onStartShouldSetResponder={[Function]}
                                  style={
                                    Object {
                                      "alignItems": "flex-start",
                                      "flexBasis": 0,
                                      "flexGrow": 0.1,
                                      "flexShrink": 1,
                                      "marginLeft": -4,
                                      "opacity": 1,
                                    }
                                  }
                                  testID="leftIconButton"
                                >
                                  <View
                                    height={32}
                                    testID="leftIcon"
                                    width={32}
                                  >
                                    <Text>
                                      leftIcon-SVG-Mock
                                    </Text>
                                  </View>
                                </View>
                                <Text
                                  numberOfLines={2}
                                  style={
                                    Array [
                                      Object {
                                        "color": "#151515",
                                        "flexBasis": 0,
                                        "flexGrow": 0.8,
                                        "flexShrink": 1,
                                        "fontFamily": "Montserrat-Medium",
                                        "fontSize": 18,
                                        "lineHeight": 22,
                                        "textAlign": "center",
                                      },
                                    ]
                                  }
                                >
                                  E-mail envoyé !
                                </Text>
                                <View
                                  accessible={true}
                                  focusable={true}
                                  onClick={[Function]}
                                  onResponderGrant={[Function]}
                                  onResponderMove={[Function]}
                                  onResponderRelease={[Function]}
                                  onResponderTerminate={[Function]}
                                  onResponderTerminationRequest={[Function]}
                                  onStartShouldSetResponder={[Function]}
                                  style={
                                    Object {
                                      "alignItems": "flex-end",
                                      "flexBasis": 0,
                                      "flexGrow": 0.1,
                                      "flexShrink": 1,
                                      "marginRight": -4,
                                      "opacity": 1,
                                    }
                                  }
                                  testID="rightIconButton"
                                >
                                  <View
                                    height={32}
                                    testID="rightIcon"
                                    width={32}
                                  >
                                    <Text>
                                      rightIcon-SVG-Mock
                                    </Text>
                                  </View>
                                </View>
                              </View>
                              <View
                                style={
                                  Array [
                                    Object {
                                      "alignItems": "center",
                                      "paddingBottom": 16,
                                      "paddingLeft": 4,
                                      "paddingRight": 4,
                                      "paddingTop": 16,
                                      "width": "100%",
                                    },
                                  ]
                                }
                              >
                                <View
                                  style={
                                    Array [
                                      Object {
                                        "alignItems": "center",
                                      },
                                    ]
                                  }
                                >
                                  <Text
                                    style={
                                      Array [
                                        Object {
                                          "color": "#151515",
                                          "fontFamily": "Montserrat-Regular",
                                          "fontSize": 15,
                                          "lineHeight": 20,
                                        },
                                      ]
                                    }
                                  >
                                    Clique sur le lien reçu à l'adresse :
                                  </Text>
                                  <Text
                                    style={
                                      Array [
                                        Object {
                                          "color": "#151515",
                                          "fontFamily": "Montserrat-Regular",
                                          "fontSize": 15,
                                          "lineHeight": 20,
                                        },
                                      ]
                                    }
                                  >
                                    john.doe@gmail.com
                                  </Text>
                                  <View
                                    numberOfSpaces={5}
                                    style={
                                      Array [
                                        Object {
                                          "height": 20,
                                        },
                                      ]
                                    }
                                  />
                                  <Text
                                    style={
                                      Array [
                                        Object {
                                          "textAlign": "center",
                                        },
                                      ]
                                    }
                                  >
                                    <Text
                                      style={
                                        Array [
                                          Object {
                                            "color": "#151515",
                                            "fontFamily": "Montserrat-Regular",
                                            "fontSize": 15,
                                            "lineHeight": 20,
                                          },
                                        ]
                                      }
                                    >
                                      L'e-mail peut prendre quelques minutes à arriver. Pense à vérifier tes spams !
                                    </Text>
                                  </Text>
                                  <View
                                    numberOfSpaces={5}
                                    style={
                                      Array [
                                        Object {
                                          "height": 20,
                                        },
                                      ]
                                    }
                                  />
                                  <View
                                    accessibilityLabel="Consulter l'article d'aide"
                                    accessible={true}
                                    focusable={true}
                                    onClick={[Function]}
                                    onResponderGrant={[Function]}
                                    onResponderMove={[Function]}
                                    onResponderRelease={[Function]}
                                    onResponderTerminate={[Function]}
                                    onResponderTerminationRequest={[Function]}
                                    onStartShouldSetResponder={[Function]}
                                    style={
                                      Object {
                                        "alignItems": "center",
                                        "backgroundColor": "transparent",
                                        "borderRadius": 24,
                                        "borderWidth": 0,
                                        "flexDirection": "row",
                                        "height": 40,
                                        "justifyContent": "center",
                                        "maxWidth": 500,
                                        "opacity": 1,
                                        "paddingBottom": 2,
                                        "paddingLeft": 2,
                                        "paddingRight": 2,
                                        "paddingTop": 2,
                                        "width": "100%",
                                      }
                                    }
                                    testID="Consulter l'article d'aide"
                                  >
                                    <View
                                      height={32}
                                      testID="button-icon"
                                      width={32}
                                    >
                                      <Text>
                                        button-icon-SVG-Mock
                                      </Text>
                                    </View>
                                    <Text
                                      adjustsFontSizeToFit={false}
                                      numberOfLines={1}
                                      style={
                                        Array [
                                          Object {
                                            "color": "#eb0055",
                                            "fontFamily": "Montserrat-Bold",
                                            "fontSize": 15,
                                            "lineHeight": 20,
                                            "marginLeft": 5,
                                            "maxWidth": 650,
                                          },
                                        ]
                                      }
                                      textColor="#eb0055"
                                    >
                                      Consulter l'article d'aide
                                    </Text>
                                  </View>
                                </View>
                                <View
                                  numberOfSpaces={6}
                                  style={
                                    Array [
                                      Object {
                                        "height": 24,
                                      },
                                    ]
                                  }
                                />
                                <View
                                  accessibilityLabel="Consulter mes e-mails"
                                  accessible={true}
                                  focusable={true}
                                  onClick={[Function]}
                                  onResponderGrant={[Function]}
                                  onResponderMove={[Function]}
                                  onResponderRelease={[Function]}
                                  onResponderTerminate={[Function]}
                                  onResponderTerminationRequest={[Function]}
                                  onStartShouldSetResponder={[Function]}
                                  style={
                                    Object {
                                      "alignItems": "center",
                                      "backgroundColor": "#eb0055",
                                      "borderRadius": 24,
                                      "borderWidth": 0,
                                      "flexDirection": "row",
                                      "height": 40,
                                      "justifyContent": "center",
                                      "maxWidth": 500,
                                      "opacity": 1,
                                      "paddingBottom": 2,
                                      "paddingLeft": 2,
                                      "paddingRight": 2,
                                      "paddingTop": 2,
                                      "width": "100%",
                                    }
                                  }
                                  testID="Consulter mes e-mails"
                                >
                                  <View
                                    height={32}
                                    testID="button-icon"
                                    width={32}
                                  >
                                    <Text>
                                      button-icon-SVG-Mock
                                    </Text>
                                  </View>
                                  <Text
                                    adjustsFontSizeToFit={false}
                                    numberOfLines={1}
                                    style={
                                      Array [
                                        Object {
                                          "color": "#ffffff",
                                          "fontFamily": "Montserrat-Bold",
                                          "fontSize": 15,
                                          "lineHeight": 20,
                                          "marginLeft": 5,
                                          "maxWidth": 650,
                                        },
                                      ]
                                    }
                                    textColor="#ffffff"
                                  >
                                    Consulter mes e-mails
                                  </Text>
                                </View>
                              </View>
                              <View
                                customHeight={8}
                                style={
                                  Array [
                                    Object {
                                      "height": 8,
                                    },
                                  ]
                                }
                              />
                            </View>
                          </RCTScrollView>
                        </View>
                      </View>
                    </RNCSafeAreaView>
                  </View>
                </View>
              </View>
            </View>
          </View>
        </View>
      </View>
    </View>
  </RNCSafeAreaProvider>
</View>
`;
