// Jest Snapshot v1, https://goo.gl/fbAQLP

exports[`<GenericTutorial /> should render correctly 1`] = `
Array [
  <View
    style={
      Array [
        Object {
          "height": "100%",
          "left": 0,
          "position": "absolute",
          "top": 0,
          "width": "100%",
        },
      ]
    }
  >
    <View
      height="100%"
      width="100%"
    >
      undefined-SVG-Mock
    </View>
  </View>,
  <View
    style={
      Array [
        Object {
          "alignItems": "center",
          "backgroundColor": "#ffffff",
          "display": "flex",
          "flexGrow": 1,
          "justifyContent": "center",
        },
      ]
    }
  >
    <View
      customHeight={16}
      style={
        Array [
          Object {
            "height": 16,
          },
        ]
      }
    />
    <View
      style={
        Array [
          Object {
            "alignItems": "center",
            "display": "flex",
            "flexGrow": 1,
            "maxHeight": 900,
            "maxWidth": 500,
            "paddingTop": 20,
            "width": "100%",
          },
        ]
      }
    >
      <View
        style={
          Array [
            Object {
              "alignSelf": "flex-end",
            },
          ]
        }
      >
        <View
          style={
            Array [
              Object {
                "paddingHorizontal": 20,
              },
            ]
          }
        >
          <View
            accessible={true}
            focusable={true}
            onClick={[Function]}
            onResponderGrant={[Function]}
            onResponderMove={[Function]}
            onResponderRelease={[Function]}
            onResponderTerminate={[Function]}
            onResponderTerminationRequest={[Function]}
            onStartShouldSetResponder={[Function]}
            style={
              Object {
                "alignItems": "center",
                "backgroundColor": "transparent",
                "borderRadius": 24,
                "borderWidth": 0,
                "flexDirection": "row",
                "height": 40,
                "justifyContent": "center",
                "maxWidth": 500,
                "opacity": 1,
                "paddingBottom": 2,
                "paddingLeft": 2,
                "paddingRight": 2,
                "paddingTop": 2,
                "width": "100%",
              }
            }
            testID="button-container"
          >
            <Text
              adjustsFontSizeToFit={false}
              numberOfLines={1}
              style={
                Array [
                  Object {
                    "color": "#626262",
                    "fontFamily": "Montserrat-Bold",
                    "fontSize": 15,
                    "lineHeight": 20,
                    "marginLeft": 5,
                    "maxWidth": 650,
                  },
                ]
              }
              testID="button-title"
              textColor="#626262"
            >
              Tout passer
            </Text>
          </View>
        </View>
      </View>
      <View
        style={
          Array [
            Object {
              "flexBasis": 0,
              "flexGrow": 1,
              "flexShrink": 1,
              "width": "100%",
            },
          ]
        }
      >
        <View
          onLayout={[Function]}
          style={
            Object {
              "backgroundColor": "transparent",
              "flex": 1,
            }
          }
        >
          <View
            style={
              Object {
                "backgroundColor": "transparent",
                "height": 0,
                "justifyContent": "space-between",
                "left": 0,
                "overflow": "hidden",
                "position": "relative",
                "top": 0,
                "width": 0,
              }
            }
          >
            <View
              onMoveShouldSetResponder={[Function]}
              onMoveShouldSetResponderCapture={[Function]}
              onResponderEnd={[Function]}
              onResponderGrant={[Function]}
              onResponderMove={[Function]}
              onResponderReject={[Function]}
              onResponderRelease={[Function]}
              onResponderStart={[Function]}
              onResponderTerminate={[Function]}
              onResponderTerminationRequest={[Function]}
              onStartShouldSetResponder={[Function]}
              onStartShouldSetResponderCapture={[Function]}
              style={
                Object {
                  "flexDirection": "row",
                  "height": 0,
                  "left": 0,
                  "position": "absolute",
                  "top": 0,
                  "transform": Array [
                    Object {
                      "translateX": 0,
                    },
                    Object {
                      "translateY": 0,
                    },
                  ],
                  "width": 0,
                }
              }
            />
            <View
              style={
                Object {
                  "alignItems": "center",
                  "flexDirection": "row",
                  "height": 0,
                  "margin": 20,
                }
              }
            >
              <View
                style={
                  Object {
                    "alignItems": "flex-start",
                    "flex": 1,
                    "height": 0,
                    "justifyContent": "center",
                  }
                }
              >
                <View
                  style={
                    Object {
                      "alignItems": "center",
                      "justifyContent": "center",
                      "position": "absolute",
                    }
                  }
                />
              </View>
              <View
                style={
                  Object {
                    "alignItems": "center",
                    "flex": 1,
                    "height": 0,
                    "justifyContent": "center",
                  }
                }
              >
                <View
                  style={
                    Object {
                      "alignItems": "center",
                      "justifyContent": "center",
                      "position": "absolute",
                    }
                  }
                />
              </View>
              <View
                style={
                  Object {
                    "alignItems": "flex-end",
                    "flex": 1,
                    "height": 0,
                    "justifyContent": "center",
                  }
                }
              >
                <View
                  style={
                    Object {
                      "alignItems": "center",
                      "justifyContent": "center",
                      "position": "absolute",
                    }
                  }
                />
              </View>
            </View>
            <View
              style={
                Object {
                  "alignItems": "center",
                  "flexDirection": "row",
                  "height": 0,
                  "margin": 20,
                }
              }
            >
              <View
                style={
                  Object {
                    "alignItems": "flex-start",
                    "flex": 1,
                    "height": 0,
                    "justifyContent": "center",
                  }
                }
              >
                <View
                  style={
                    Object {
                      "alignItems": "center",
                      "justifyContent": "center",
                      "position": "absolute",
                    }
                  }
                />
              </View>
              <View
                style={
                  Object {
                    "alignItems": "center",
                    "flex": 1,
                    "height": 0,
                    "justifyContent": "center",
                  }
                }
              >
                <View
                  style={
                    Object {
                      "alignItems": "center",
                      "justifyContent": "center",
                      "position": "absolute",
                    }
                  }
                />
              </View>
              <View
                style={
                  Object {
                    "alignItems": "flex-end",
                    "flex": 1,
                    "height": 0,
                    "justifyContent": "center",
                  }
                }
              >
                <View
                  style={
                    Object {
                      "alignItems": "center",
                      "justifyContent": "center",
                      "position": "absolute",
                    }
                  }
                />
              </View>
            </View>
            <View
              style={
                Object {
                  "alignItems": "center",
                  "flexDirection": "row",
                  "height": 0,
                  "margin": 20,
                }
              }
            >
              <View
                style={
                  Object {
                    "alignItems": "flex-start",
                    "flex": 1,
                    "height": 0,
                    "justifyContent": "center",
                  }
                }
              >
                <View
                  style={
                    Object {
                      "alignItems": "center",
                      "justifyContent": "center",
                      "position": "absolute",
                    }
                  }
                />
              </View>
              <View
                style={
                  Object {
                    "alignItems": "center",
                    "flex": 1,
                    "height": 0,
                    "justifyContent": "center",
                  }
                }
              >
                <View
                  style={
                    Object {
                      "alignItems": "center",
                      "justifyContent": "center",
                      "position": "absolute",
                    }
                  }
                >
                  <View
                    style={
                      Object {
                        "alignItems": "center",
                        "flexDirection": "row",
                        "justifyContent": "center",
                        "minHeight": 1,
                        "minWidth": 1,
                      }
                    }
                  />
                </View>
              </View>
              <View
                style={
                  Object {
                    "alignItems": "flex-end",
                    "flex": 1,
                    "height": 0,
                    "justifyContent": "center",
                  }
                }
              >
                <View
                  style={
                    Object {
                      "alignItems": "center",
                      "justifyContent": "center",
                      "position": "absolute",
                    }
                  }
                />
              </View>
            </View>
          </View>
        </View>
      </View>
      <View
        numberOfSpaces={8}
        style={
          Array [
            Object {
              "height": 32,
            },
          ]
        }
      />
    </View>
    <View
      customHeight={8}
      style={
        Array [
          Object {
            "height": 8,
          },
        ]
      }
    />
  </View>,
]
`;
