// Jest Snapshot v1, https://goo.gl/fbAQLP

exports[`ModalHeader component should render correctly 1`] = `
<View
  style={
    Array [
      Object {
        "alignItems": "center",
        "flexDirection": "row",
        "justifyContent": "center",
        "width": "100%",
      },
      undefined,
    ]
  }
>
  <View
    accessible={true}
    focusable={false}
    onClick={[Function]}
    onResponderGrant={[Function]}
    onResponderMove={[Function]}
    onResponderRelease={[Function]}
    onResponderTerminate={[Function]}
    onResponderTerminationRequest={[Function]}
    onStartShouldSetResponder={[Function]}
    style={
      Object {
        "alignItems": "center",
        "flex": 0.2,
        "opacity": 1,
      }
    }
    testID="leftIconButton"
  />
  <Text
    style={
      Array [
        Object {
          "flex": 0.6,
          "textAlign": "center",
        },
        undefined,
      ]
    }
  >
    <Text
      numberOfLines={2}
      style={
        Array [
          Object {
            "color": "#151515",
            "fontFamily": "Montserrat-Medium",
            "fontSize": 18,
            "fontWeight": "500",
            "lineHeight": 22,
          },
        ]
      }
    >
      Testing modal header rendering
    </Text>
  </Text>
  <View
    accessible={true}
    focusable={false}
    onClick={[Function]}
    onResponderGrant={[Function]}
    onResponderMove={[Function]}
    onResponderRelease={[Function]}
    onResponderTerminate={[Function]}
    onResponderTerminationRequest={[Function]}
    onStartShouldSetResponder={[Function]}
    style={
      Object {
        "alignItems": "center",
        "flex": 0.2,
        "opacity": 1,
      }
    }
    testID="rightIconButton"
  />
</View>
`;
