// Jest Snapshot v1, https://goo.gl/fbAQLP

exports[`<ForgottenPassword /> should enable validate button when email input is filled 1`] = `
"Snapshot Diff:
- First value
+ Second value

@@ -599,11 +599,11 @@
                    },
                  ]
                }
                textContentType=\\"emailAddress\\"
                underlineColorAndroid=\\"transparent\\"
-               value=\\"\\"
+               value=\\"john.doe@gmail.com\\"
              />
            </View>
          </View>
          <View
            numberOfSpaces={6}
@@ -615,22 +615,22 @@
              ]
            }
          />
          <View
            accessible={true}
-           focusable={false}
+           focusable={true}
            onClick={[Function onClick]}
            onResponderGrant={[Function onResponderGrant]}
            onResponderMove={[Function onResponderMove]}
            onResponderRelease={[Function onResponderRelease]}
            onResponderTerminate={[Function onResponderTerminate]}
            onResponderTerminationRequest={[Function onResponderTerminationRequest]}
            onStartShouldSetResponder={[Function onStartShouldSetResponder]}
            style={
              Object {
                \\"alignItems\\": \\"center\\",
-               \\"backgroundColor\\": \\"#ff99be\\",
+               \\"backgroundColor\\": \\"#eb0055\\",
                \\"borderRadius\\": 24,
                \\"borderWidth\\": 0,
                \\"flexDirection\\": \\"row\\",
                \\"height\\": 40,
                \\"justifyContent\\": \\"center\\","
`;
