// Jest Snapshot v1, https://goo.gl/fbAQLP

exports[`ReinitializePassword Page should validate PasswordSecurityRules when password is correct 1`] = `
"Snapshot Diff:
- First value
+ Second value

@@ -529,11 +529,11 @@
                        \\"flexShrink\\": 1,
                      },
                    ]
                  }
                  underlineColorAndroid=\\"transparent\\"
-                 value=\\"\\"
+                 value=\\"ABCDefgh1234!!!!\\"
                />
                <View
                  accessible={true}
                  focusable={true}
                  onClick={[Function onClick]}
@@ -636,13 +636,13 @@
                        \\"height\\": 16,
                        \\"width\\": 16,
                      },
                    ]
                  }
-                 testID=\\"rule-icon-close\\"
-                 vbHeight={32}
-                 vbWidth={32}
+                 testID=\\"rule-icon-check\\"
+                 vbHeight={20}
+                 vbWidth={20}
                  width={16}
                >
                  <RNSVGGroup>
                    <RNSVGGroup
                      fill={null}
@@ -651,28 +651,28 @@
                          \\"fill\\",
                        ]
                      }
                    >
                      <RNSVGGroup
-                       fill={4290117669}
+                       fill={4279601231}
                        propList={
                          Array [
                            \\"fill\\",
                          ]
                        }
                      >
                        <RNSVGGroup>
                          <RNSVGGroup>
                            <RNSVGPath
-                             d=\\"M23.3 8.225c.302-.29.804-.301 1.12-.025.318.276.33.735.028 1.024l-5.322 5.11c-1.166 1.12-1.166 2.879 0 3.998l5.322 5.11c.302.29.29.749-.027 1.025-.317.276-.819.265-1.12-.025l-5.323-5.11c-1.749-1.68-1.749-4.318 0-5.997zm-14.6 0l5.322 5.11c1.749 1.679 1.749 4.318 0 5.997L8.7 24.442c-.302.29-.804.3-1.12.025-.318-.276-.33-.735-.028-1.025l5.322-5.11c1.166-1.12 1.166-2.878 0-3.998l-5.322-5.11c-.302-.29-.29-.748.027-1.024s.819-.265 1.12.025z\\"
+                             d=\\"M15.532 5.545c.16-.166.423-.172.59-.013.153.147.17.383.046.55l-.034.04-7.982 8.333c-.151.158-.396.17-.562.036l-.04-.036L3.866 10.6c-.16-.167-.154-.43.013-.59.153-.146.39-.152.55-.022l.039.036 3.384 3.539 7.68-8.019z\\"
                              matrix={
                                Array [
-                                 -1,
+                                 1,
                                  0,
                                  0,
                                  1,
-                                 32,
+                                 0,
                                  0,
                                ]
                              }
                            />
                          </RNSVGGroup>
@@ -689,15 +689,15 @@
                      },
                    ]
                  }
                >
                  <Text
-                   color=\\"#b60025\\"
+                   color=\\"#15884f\\"
                    style={
                      Array [
                        Object {
-                         \\"color\\": \\"#b60025\\",
+                         \\"color\\": \\"#15884f\\",
                          \\"fontFamily\\": \\"Montserrat-SemiBold\\",
                          \\"fontSize\\": 12,
                          \\"lineHeight\\": 16,
                        },
                      ]
@@ -736,13 +736,13 @@
                        \\"height\\": 16,
                        \\"width\\": 16,
                      },
                    ]
                  }
-                 testID=\\"rule-icon-close\\"
-                 vbHeight={32}
-                 vbWidth={32}
+                 testID=\\"rule-icon-check\\"
+                 vbHeight={20}
+                 vbWidth={20}
                  width={16}
                >
                  <RNSVGGroup>
                    <RNSVGGroup
                      fill={null}
@@ -751,29 +751,29 @@
                          \\"fill\\",
                        ]
                      }
                    >
                      <RNSVGGroup
-                       fill={4290117669}
+                       fill={4279601231}
                        propList={
                          Array [
                            \\"fill\\",
                          ]
                        }
                      >
                        <RNSVGGroup>
                          <RNSVGGroup>
                            <RNSVGPath
-                             d=\\"M23.3 8.225c.302-.29.804-.301 1.12-.025.318.276.33.735.028 1.024l-5.322 5.11c-1.166 1.12-1.166 2.879 0 3.998l5.322 5.11c.302.29.29.749-.027 1.025-.317.276-.819.265-1.12-.025l-5.323-5.11c-1.749-1.68-1.749-4.318 0-5.997zm-14.6 0l5.322 5.11c1.749 1.679 1.749 4.318 0 5.997L8.7 24.442c-.302.29-.804.3-1.12.025-.318-.276-.33-.735-.028-1.025l5.322-5.11c1.166-1.12 1.166-2.878 0-3.998l-5.322-5.11c-.302-.29-.29-.748.027-1.024s.819-.265 1.12.025z\\"
+                             d=\\"M15.532 5.545c.16-.166.423-.172.59-.013.153.147.17.383.046.55l-.034.04-7.982 8.333c-.151.158-.396.17-.562.036l-.04-.036L3.866 10.6c-.16-.167-.154-.43.013-.59.153-.146.39-.152.55-.022l.039.036 3.384 3.539 7.68-8.019z\\"
                              matrix={
                                Array [
-                                 -1,
+                                 1,
                                  0,
                                  0,
                                  1,
-                                 32,
                                  0,
+                                 0,
                                ]
                              }
                            />
                          </RNSVGGroup>
                        </RNSVGGroup>
@@ -789,15 +789,15 @@
                      },
                    ]
                  }
                >
                  <Text
-                   color=\\"#b60025\\"
+                   color=\\"#15884f\\"
                    style={
                      Array [
                        Object {
-                         \\"color\\": \\"#b60025\\",
+                         \\"color\\": \\"#15884f\\",
                          \\"fontFamily\\": \\"Montserrat-SemiBold\\",
                          \\"fontSize\\": 12,
                          \\"lineHeight\\": 16,
                        },
                      ]
@@ -836,13 +836,13 @@
                        \\"height\\": 16,
                        \\"width\\": 16,
                      },
                    ]
                  }
-                 testID=\\"rule-icon-close\\"
-                 vbHeight={32}
-                 vbWidth={32}
+                 testID=\\"rule-icon-check\\"
+                 vbHeight={20}
+                 vbWidth={20}
                  width={16}
                >
                  <RNSVGGroup>
                    <RNSVGGroup
                      fill={null}
@@ -851,28 +851,28 @@
                          \\"fill\\",
                        ]
                      }
                    >
                      <RNSVGGroup
-                       fill={4290117669}
+                       fill={4279601231}
                        propList={
                          Array [
                            \\"fill\\",
                          ]
                        }
                      >
                        <RNSVGGroup>
                          <RNSVGGroup>
                            <RNSVGPath
-                             d=\\"M23.3 8.225c.302-.29.804-.301 1.12-.025.318.276.33.735.028 1.024l-5.322 5.11c-1.166 1.12-1.166 2.879 0 3.998l5.322 5.11c.302.29.29.749-.027 1.025-.317.276-.819.265-1.12-.025l-5.323-5.11c-1.749-1.68-1.749-4.318 0-5.997zm-14.6 0l5.322 5.11c1.749 1.679 1.749 4.318 0 5.997L8.7 24.442c-.302.29-.804.3-1.12.025-.318-.276-.33-.735-.028-1.025l5.322-5.11c1.166-1.12 1.166-2.878 0-3.998l-5.322-5.11c-.302-.29-.29-.748.027-1.024s.819-.265 1.12.025z\\"
+                             d=\\"M15.532 5.545c.16-.166.423-.172.59-.013.153.147.17.383.046.55l-.034.04-7.982 8.333c-.151.158-.396.17-.562.036l-.04-.036L3.866 10.6c-.16-.167-.154-.43.013-.59.153-.146.39-.152.55-.022l.039.036 3.384 3.539 7.68-8.019z\\"
                              matrix={
                                Array [
-                                 -1,
+                                 1,
                                  0,
                                  0,
                                  1,
-                                 32,
+                                 0,
                                  0,
                                ]
                              }
                            />
                          </RNSVGGroup>
@@ -889,15 +889,15 @@
                      },
                    ]
                  }
                >
                  <Text
-                   color=\\"#b60025\\"
+                   color=\\"#15884f\\"
                    style={
                      Array [
                        Object {
-                         \\"color\\": \\"#b60025\\",
+                         \\"color\\": \\"#15884f\\",
                          \\"fontFamily\\": \\"Montserrat-SemiBold\\",
                          \\"fontSize\\": 12,
                          \\"lineHeight\\": 16,
                        },
                      ]
@@ -936,13 +936,13 @@
                        \\"height\\": 16,
                        \\"width\\": 16,
                      },
                    ]
                  }
-                 testID=\\"rule-icon-close\\"
-                 vbHeight={32}
-                 vbWidth={32}
+                 testID=\\"rule-icon-check\\"
+                 vbHeight={20}
+                 vbWidth={20}
                  width={16}
                >
                  <RNSVGGroup>
                    <RNSVGGroup
                      fill={null}
@@ -951,29 +951,29 @@
                          \\"fill\\",
                        ]
                      }
                    >
                      <RNSVGGroup
-                       fill={4290117669}
+                       fill={4279601231}
                        propList={
                          Array [
                            \\"fill\\",
                          ]
                        }
                      >
                        <RNSVGGroup>
                          <RNSVGGroup>
                            <RNSVGPath
-                             d=\\"M23.3 8.225c.302-.29.804-.301 1.12-.025.318.276.33.735.028 1.024l-5.322 5.11c-1.166 1.12-1.166 2.879 0 3.998l5.322 5.11c.302.29.29.749-.027 1.025-.317.276-.819.265-1.12-.025l-5.323-5.11c-1.749-1.68-1.749-4.318 0-5.997zm-14.6 0l5.322 5.11c1.749 1.679 1.749 4.318 0 5.997L8.7 24.442c-.302.29-.804.3-1.12.025-.318-.276-.33-.735-.028-1.025l5.322-5.11c1.166-1.12 1.166-2.878 0-3.998l-5.322-5.11c-.302-.29-.29-.748.027-1.024s.819-.265 1.12.025z\\"
+                             d=\\"M15.532 5.545c.16-.166.423-.172.59-.013.153.147.17.383.046.55l-.034.04-7.982 8.333c-.151.158-.396.17-.562.036l-.04-.036L3.866 10.6c-.16-.167-.154-.43.013-.59.153-.146.39-.152.55-.022l.039.036 3.384 3.539 7.68-8.019z\\"
                              matrix={
                                Array [
-                                 -1,
+                                 1,
                                  0,
                                  0,
                                  1,
-                                 32,
                                  0,
+                                 0,
                                ]
                              }
                            />
                          </RNSVGGroup>
                        </RNSVGGroup>
@@ -989,15 +989,15 @@
                      },
                    ]
                  }
                >
                  <Text
-                   color=\\"#b60025\\"
+                   color=\\"#15884f\\"
                    style={
                      Array [
                        Object {
-                         \\"color\\": \\"#b60025\\",
+                         \\"color\\": \\"#15884f\\",
                          \\"fontFamily\\": \\"Montserrat-SemiBold\\",
                          \\"fontSize\\": 12,
                          \\"lineHeight\\": 16,
                        },
                      ]
@@ -1036,13 +1036,13 @@
                        \\"height\\": 16,
                        \\"width\\": 16,
                      },
                    ]
                  }
-                 testID=\\"rule-icon-close\\"
-                 vbHeight={32}
-                 vbWidth={32}
+                 testID=\\"rule-icon-check\\"
+                 vbHeight={20}
+                 vbWidth={20}
                  width={16}
                >
                  <RNSVGGroup>
                    <RNSVGGroup
                      fill={null}
@@ -1051,28 +1051,28 @@
                          \\"fill\\",
                        ]
                      }
                    >
                      <RNSVGGroup
-                       fill={4290117669}
+                       fill={4279601231}
                        propList={
                          Array [
                            \\"fill\\",
                          ]
                        }
                      >
                        <RNSVGGroup>
                          <RNSVGGroup>
                            <RNSVGPath
-                             d=\\"M23.3 8.225c.302-.29.804-.301 1.12-.025.318.276.33.735.028 1.024l-5.322 5.11c-1.166 1.12-1.166 2.879 0 3.998l5.322 5.11c.302.29.29.749-.027 1.025-.317.276-.819.265-1.12-.025l-5.323-5.11c-1.749-1.68-1.749-4.318 0-5.997zm-14.6 0l5.322 5.11c1.749 1.679 1.749 4.318 0 5.997L8.7 24.442c-.302.29-.804.3-1.12.025-.318-.276-.33-.735-.028-1.025l5.322-5.11c1.166-1.12 1.166-2.878 0-3.998l-5.322-5.11c-.302-.29-.29-.748.027-1.024s.819-.265 1.12.025z\\"
+                             d=\\"M15.532 5.545c.16-.166.423-.172.59-.013.153.147.17.383.046.55l-.034.04-7.982 8.333c-.151.158-.396.17-.562.036l-.04-.036L3.866 10.6c-.16-.167-.154-.43.013-.59.153-.146.39-.152.55-.022l.039.036 3.384 3.539 7.68-8.019z\\"
                              matrix={
                                Array [
-                                 -1,
+                                 1,
                                  0,
                                  0,
                                  1,
-                                 32,
+                                 0,
                                  0,
                                ]
                              }
                            />
                          </RNSVGGroup>
@@ -1089,15 +1089,15 @@
                      },
                    ]
                  }
                >
                  <Text
-                   color=\\"#b60025\\"
+                   color=\\"#15884f\\"
                    style={
                      Array [
                        Object {
-                         \\"color\\": \\"#b60025\\",
+                         \\"color\\": \\"#15884f\\",
                          \\"fontFamily\\": \\"Montserrat-SemiBold\\",
                          \\"fontSize\\": 12,
                          \\"lineHeight\\": 16,
                        },
                      ]"
`;
