// Jest Snapshot v1, https://goo.gl/fbAQLP

exports[`OfferCategory renders correctly 1`] = `
<View
  style={
    Array [
      Object {
        "alignItems": "center",
        "flexBasis": 0,
        "flexGrow": 1,
        "flexShrink": 1,
      },
    ]
  }
>
  <View
    style={
      Array [
        Object {
          "paddingBottom": 4,
          "paddingLeft": 4,
          "paddingRight": 4,
          "paddingTop": 4,
        },
      ]
    }
  >
    <RNSVGSvgView
      align="xMidYMid"
      bbHeight={40}
      bbWidth={40}
      fill="#626262"
      focusable={false}
      height={40}
      meetOrSlice={0}
      minX={20}
      minY={20}
      style={
        Array [
          Object {
            "backgroundColor": "transparent",
            "borderWidth": 0,
          },
          Object {
            "flex": 0,
            "height": 40,
            "width": 40,
          },
        ]
      }
      vbHeight={142}
      vbWidth={142}
      width={40}
    >
      <RNSVGGroup
        fill={4284637794}
        propList={
          Array [
            "fill",
          ]
        }
      >
        <RNSVGPath
          d="M131 40c5.86 0 10.634 4.64 10.98 10.453l.02.676.497 79.388c.03 4.971-3.24 9.192-7.752 10.59l-.433.121.08.397.028.407v6.772c0 4.156-6.088 6.955-10.615 7.181l-.581.015H59c-5.984 0-10.7-4.69-10.889-9.992l-.003-.38-.08-.4-.028-.408V51.148c0-5.916 4.557-10.776 10.329-11.128L59 40h72zm-2.552 101.6l-69.024.112c-2.807 0-5.254 1.857-5.317 3.868-.063 2.042 1.82 4.14 4.374 4.394L59 150h64.224c.765 0 2.439-.405 3.778-.983.51-.22.937-.448 1.246-.657l.168-.132.004-6.196.007-.205.021-.227zM69.718 46H59c-2.576 0-4.717 2.016-4.974 4.62l-.026.528v85.808l.348-.162c1.364-.61 2.864-.98 4.408-1.064l.663-.018 10.299-.016V46zM131 46H75.718v89.687l55.773-.087c2.602-.005 4.74-1.995 4.982-4.531l.023-.514L136 51.148c0-2.676-1.98-4.86-4.491-5.122L131 46zm-9.14 39.765c1.656 0 3 1.343 3 3 0 1.519-1.13 2.774-2.594 2.973l-.407.027h-32c-1.657 0-3-1.343-3-3 0-1.519 1.129-2.774 2.593-2.972l.407-.028h32zm0-15.763c1.656 0 3 1.343 3 3 0 1.518-1.13 2.774-2.594 2.972l-.407.028h-32c-1.657 0-3-1.344-3-3 0-1.52 1.129-2.774 2.593-2.973l.407-.027h32z"
        />
      </RNSVGGroup>
    </RNSVGSvgView>
  </View>
  <Text
    style={
      Array [
        Object {
          "color": "#151515",
          "fontFamily": "Montserrat-SemiBold",
          "fontSize": 12,
          "lineHeight": 16,
          "textAlign": "center",
        },
      ]
    }
  >
    Livre ou carte lecture
  </Text>
</View>
`;
