// Jest Snapshot v1, https://goo.gl/fbAQLP

exports[`<BookingConfirmation /> should render correctly 1`] = `
Array [
  <View
    style={
      Array [
        Object {
          "height": "100%",
          "left": 0,
          "position": "absolute",
          "top": 0,
          "width": "100%",
        },
      ]
    }
  >
    <View
      height="100%"
      width="100%"
    >
      undefined-SVG-Mock
    </View>
  </View>,
  <RCTScrollView
    contentContainerStyle={
      Object {
        "alignItems": "center",
        "flexDirection": "column",
        "flexGrow": 1,
        "justifyContent": "center",
        "paddingHorizontal": 16,
      }
    }
  >
    <View>
      <View
        numberOfSpaces={18}
        style={
          Array [
            Object {
              "height": 72,
            },
          ]
        }
      />
      <View
        height={146}
        width={232}
      >
        undefined-SVG-Mock
      </View>
      <View
        numberOfSpaces={9}
        style={
          Array [
            Object {
              "height": 36,
            },
          ]
        }
      />
      <Text
        color="#ffffff"
        style={
          Array [
            Object {
              "color": "#ffffff",
              "fontFamily": "Montserrat-MediumItalic",
              "fontSize": 24,
              "lineHeight": 28,
              "textAlign": "center",
            },
          ]
        }
      >
        Réservation confirmée !
      </Text>
      <View
        numberOfSpaces={5}
        style={
          Array [
            Object {
              "height": 20,
            },
          ]
        }
      />
      <Text
        color="#ffffff"
        style={
          Array [
            Object {
              "color": "#ffffff",
              "fontFamily": "Montserrat-Regular",
              "fontSize": 15,
              "lineHeight": 20,
              "textAlign": "center",
            },
          ]
        }
      >
        Il te reste encore 140€ à dépenser sur le pass !
      </Text>
      <View
        numberOfSpaces={4}
        style={
          Array [
            Object {
              "height": 16,
            },
          ]
        }
      />
      <Text
        color="#ffffff"
        style={
          Array [
            Object {
              "color": "#ffffff",
              "fontFamily": "Montserrat-Regular",
              "fontSize": 15,
              "lineHeight": 20,
              "textAlign": "center",
            },
          ]
        }
      >
        Tu peux retrouver toutes les informations concernant ta réservation sur l’application
      </Text>
      <View
        numberOfSpaces={8}
        style={
          Array [
            Object {
              "height": 32,
            },
          ]
        }
      />
      <View
        accessible={true}
        focusable={true}
        onClick={[Function]}
        onResponderGrant={[Function]}
        onResponderMove={[Function]}
        onResponderRelease={[Function]}
        onResponderTerminate={[Function]}
        onResponderTerminationRequest={[Function]}
        onStartShouldSetResponder={[Function]}
        style={
          Object {
            "alignItems": "center",
            "backgroundColor": "#ffffff",
            "borderRadius": 24,
            "borderWidth": 0,
            "flexDirection": "row",
            "height": 40,
            "justifyContent": "center",
            "maxWidth": 500,
            "opacity": 1,
            "paddingBottom": 2,
            "paddingLeft": 2,
            "paddingRight": 2,
            "paddingTop": 2,
            "width": "100%",
          }
        }
        testID="button-container"
      >
        <Text
          adjustsFontSizeToFit={false}
          numberOfLines={1}
          style={
            Array [
              Object {
                "color": "#eb0055",
                "fontFamily": "Montserrat-Bold",
                "fontSize": 15,
                "lineHeight": 20,
                "marginLeft": 5,
                "maxWidth": 650,
              },
            ]
          }
          testID="button-title"
          textColor="#eb0055"
        >
          Voir ma réservation
        </Text>
      </View>
      <View
        numberOfSpaces={4}
        style={
          Array [
            Object {
              "height": 16,
            },
          ]
        }
      />
      <View
        accessible={true}
        focusable={true}
        onClick={[Function]}
        onResponderGrant={[Function]}
        onResponderMove={[Function]}
        onResponderRelease={[Function]}
        onResponderTerminate={[Function]}
        onResponderTerminationRequest={[Function]}
        onStartShouldSetResponder={[Function]}
        style={
          Object {
            "alignItems": "center",
            "backgroundColor": "transparent",
            "borderRadius": 24,
            "borderWidth": 0,
            "flexDirection": "row",
            "height": 40,
            "justifyContent": "center",
            "maxWidth": 500,
            "opacity": 1,
            "paddingBottom": 2,
            "paddingLeft": 2,
            "paddingRight": 2,
            "paddingTop": 2,
            "width": "100%",
          }
        }
        testID="button-container"
      >
        <Text
          adjustsFontSizeToFit={false}
          numberOfLines={1}
          style={
            Array [
              Object {
                "color": "#ffffff",
                "fontFamily": "Montserrat-Bold",
                "fontSize": 15,
                "lineHeight": 20,
                "marginLeft": 5,
                "maxWidth": 650,
              },
            ]
          }
          testID="button-title"
          textColor="#ffffff"
        >
          Retourner à l'accueil
        </Text>
      </View>
      <View
        customHeight={8}
        style={
          Array [
            Object {
              "height": 8,
            },
          ]
        }
      />
    </View>
  </RCTScrollView>,
]
`;
