// Jest Snapshot v1, https://goo.gl/fbAQLP

exports[`<Offer /> should match snapshot 1`] = `
<View
  style={
    Object {
      "flex": 1,
    }
  }
>
  <RNCSafeAreaProvider
    onInsetsChange={[Function]}
    style={
      Array [
        Object {
          "flex": 1,
        },
        undefined,
      ]
    }
  >
    <View
      pointerEvents="box-none"
      style={
        Array [
          Object {
            "zIndex": 1,
          },
          false,
        ]
      }
    >
      <View
        accessibilityElementsHidden={false}
        importantForAccessibility="auto"
        onLayout={[Function]}
        pointerEvents="box-none"
        style={null}
      >
        <View
          pointerEvents="box-none"
          style={
            Object {
              "bottom": 0,
              "left": 0,
              "opacity": 1,
              "position": "absolute",
              "right": 0,
              "top": 0,
              "zIndex": 0,
            }
          }
        >
          <View
            style={
              Object {
                "backgroundColor": "rgb(255, 255, 255)",
                "borderBottomColor": "rgb(216, 216, 216)",
                "flex": 1,
                "shadowColor": "rgb(216, 216, 216)",
                "shadowOffset": Object {
                  "height": 0.5,
                  "width": 0,
                },
                "shadowOpacity": 0.85,
                "shadowRadius": 0,
              }
            }
          />
        </View>
        <View
          pointerEvents="box-none"
          style={
            Object {
              "height": 64,
              "maxHeight": undefined,
              "minHeight": undefined,
              "opacity": undefined,
              "transform": undefined,
            }
          }
        >
          <View
            pointerEvents="none"
            style={
              Object {
                "height": 20,
              }
            }
          />
          <View
            pointerEvents="box-none"
            style={
              Object {
                "alignItems": "center",
                "flex": 1,
                "flexDirection": "row",
                "justifyContent": "center",
              }
            }
          >
            <View
              pointerEvents="box-none"
              style={
                Object {
                  "marginHorizontal": 16,
                  "opacity": 1,
                }
              }
            >
              <Text
                accessibilityRole="header"
                aria-level="1"
                numberOfLines={1}
                onLayout={[Function]}
                style={
                  Object {
                    "color": "rgb(28, 28, 30)",
                    "fontSize": 17,
                    "fontWeight": "600",
                  }
                }
              >
                Offer
              </Text>
            </View>
          </View>
        </View>
      </View>
    </View>
    <View
      onLayout={[Function]}
      style={
        Object {
          "flex": 1,
        }
      }
    >
      <View
        pointerEvents="box-none"
        style={
          Object {
            "bottom": 0,
            "left": 0,
            "position": "absolute",
            "right": 0,
            "top": 0,
          }
        }
      >
        <View
          collapsable={false}
          style={
            Object {
              "opacity": 1,
            }
          }
        />
        <View
          accessibilityElementsHidden={false}
          closing={false}
          gestureVelocityImpact={0.3}
          importantForAccessibility="auto"
          onClose={[Function]}
          onGestureBegin={[Function]}
          onGestureCanceled={[Function]}
          onGestureEnd={[Function]}
          onOpen={[Function]}
          onTransitionStart={[Function]}
          pointerEvents="box-none"
          style={
            Object {
              "bottom": 0,
              "left": 0,
              "position": "absolute",
              "right": 0,
              "top": 0,
            }
          }
          transitionSpec={
            Object {
              "close": Object {
                "animation": "spring",
                "config": Object {
                  "damping": 500,
                  "mass": 3,
                  "overshootClamping": true,
                  "restDisplacementThreshold": 10,
                  "restSpeedThreshold": 10,
                  "stiffness": 1000,
                },
              },
              "open": Object {
                "animation": "spring",
                "config": Object {
                  "damping": 500,
                  "mass": 3,
                  "overshootClamping": true,
                  "restDisplacementThreshold": 10,
                  "restSpeedThreshold": 10,
                  "stiffness": 1000,
                },
              },
            }
          }
        >
          <View
            pointerEvents="box-none"
            style={
              Object {
                "flex": 1,
              }
            }
          >
            <View
              collapsable={false}
              forwardedRef={[Function]}
              onGestureHandlerEvent={[Function]}
              onGestureHandlerStateChange={[Function]}
              style={
                Object {
                  "flex": 1,
                  "transform": Array [
                    Object {
                      "translateX": 0,
                    },
                    Object {
                      "translateX": 0,
                    },
                  ],
                }
              }
            >
              <View
                pointerEvents="none"
                style={
                  Object {
                    "backgroundColor": "rgb(242, 242, 242)",
                    "bottom": 0,
                    "left": 0,
                    "position": "absolute",
                    "shadowColor": "#000",
                    "shadowOffset": Object {
                      "height": 1,
                      "width": -1,
                    },
                    "shadowOpacity": 0.3,
                    "shadowRadius": 5,
                    "top": 0,
                    "width": 3,
                  }
                }
              />
              <View
                style={
                  Array [
                    Object {
                      "flex": 1,
                      "overflow": "hidden",
                    },
                    Array [
                      Object {
                        "backgroundColor": "rgb(242, 242, 242)",
                      },
                      undefined,
                    ],
                  ]
                }
              >
                <View
                  style={
                    Object {
                      "flex": 1,
                      "flexDirection": "column-reverse",
                    }
                  }
                >
                  <View
                    style={
                      Object {
                        "flex": 1,
                      }
                    }
                  >
                    <View
                      style={
                        Array [
                          Object {
                            "alignItems": "center",
                            "flexBasis": 0,
                            "flexGrow": 1,
                            "flexShrink": 1,
                            "paddingHorizontal": 24,
                          },
                        ]
                      }
                    >
                      <View
                        style={
                          Array [
                            Object {
                              "flexBasis": 0,
                              "flexGrow": 1,
                              "flexShrink": 1,
                            },
                          ]
                        }
                      />
                      <Text
                        style={
                          Array [
                            Object {
                              "color": "#151515",
                              "fontFamily": "Montserrat-Medium",
                              "fontSize": 38,
                              "lineHeight": 48,
                            },
                          ]
                        }
                      >
                        Offer
                      </Text>
                      <Text
                        style={
                          Array [
                            Object {
                              "color": "#151515",
                              "fontFamily": "Montserrat-SemiBold",
                              "fontSize": 12,
                              "lineHeight": 16,
                            },
                          ]
                        }
                        testID="offerId"
                      >
                        ABCDE
                      </Text>
                      <Text
                        adjustsFontSizeToFit={true}
                        numberOfLines={3}
                        style={
                          Array [
                            Object {
                              "color": "#151515",
                              "fontFamily": "Montserrat-Bold",
                              "fontSize": 20,
                              "lineHeight": 24,
                              "textAlign": "center",
                            },
                          ]
                        }
                        testID="offerTitle"
                      >
                        Mensch ! OÃ¹ sont les Hommes ?
                      </Text>
                      <View
                        style={
                          Array [
                            Object {
                              "alignItems": "center",
                              "flexBasis": 0,
                              "flexGrow": 1,
                              "flexShrink": 1,
                            },
                          ]
                        }
                      >
                        <RNSVGSvgView
                          align="xMidYMid"
                          bbHeight={48}
                          bbWidth={48}
                          fill="#626262"
                          focusable={false}
                          height={48}
                          meetOrSlice={0}
                          minX={20}
                          minY={20}
                          style={
                            Array [
                              Object {
                                "backgroundColor": "transparent",
                                "borderWidth": 0,
                              },
                              Object {
                                "flex": 0,
                                "height": 48,
                                "width": 48,
                              },
                            ]
                          }
                          vbHeight={142}
                          vbWidth={142}
                          width={48}
                        >
                          <RNSVGGroup
                            fill={4284637794}
                            propList={
                              Array [
                                "fill",
                              ]
                            }
                          >
                            <RNSVGPath
                              d="M66.72 123.64c8.13 0 14.72 6.59 14.72 14.72s-6.59 14.72-14.72 14.72S52 146.49 52 138.36s6.59-14.72 14.72-14.72zm0 6c-4.816 0-8.72 3.904-8.72 8.72 0 4.816 3.904 8.72 8.72 8.72 4.816 0 8.72-3.904 8.72-8.72 0-4.816-3.904-8.72-8.72-8.72zm70.225-89.705c2.494 1.918 4.038 4.803 4.266 7.921l.029.784v65.228c.027.36.04.725.04 1.092 0 8.13-6.59 14.72-14.72 14.72s-14.72-6.59-14.72-14.72 6.59-14.72 14.72-14.72c3.246 0 6.246 1.05 8.68 2.83V48.646c-.003-1.55-.724-3.01-1.952-3.954-1.075-.827-2.432-1.176-3.78-.98l-.575.117L84.98 54.897c-2.014.542-3.461 2.27-3.673 4.307l-.027.516V112c0 1.657-1.343 3-3 3-1.519 0-2.774-1.129-2.973-2.593L75.28 112V59.718c.003-4.734 3.03-8.907 7.505-10.42l.682-.207 43.968-11.072c3.296-.869 6.808-.161 9.51 1.916zM126.56 106.24c-4.816 0-8.72 3.904-8.72 8.72 0 4.816 3.904 8.72 8.72 8.72 4.676 0 8.492-3.68 8.71-8.302l-.003-.01-.027-.408v-.84c-.422-4.422-4.147-7.88-8.68-7.88z"
                              matrix={
                                Array [
                                  1,
                                  0,
                                  0,
                                  1,
                                  0,
                                  0,
                                ]
                              }
                            />
                          </RNSVGGroup>
                        </RNSVGSvgView>
                        <Text
                          style={
                            Array [
                              Object {
                                "color": "#151515",
                                "fontFamily": "Montserrat-SemiBold",
                                "fontSize": 12,
                                "lineHeight": 16,
                              },
                            ]
                          }
                        >
                          Abonnements concerts
                        </Text>
                      </View>
                      <View
                        style={
                          Array [
                            Object {
                              "flexBasis": 0,
                              "flexGrow": 1,
                              "flexShrink": 1,
                            },
                          ]
                        }
                      />
                    </View>
                  </View>
                </View>
              </View>
            </View>
          </View>
        </View>
      </View>
    </View>
  </RNCSafeAreaProvider>
</View>
`;
