// Jest Snapshot v1, https://goo.gl/fbAQLP

exports[`processHomepageEntries should format homepage entries so we can use it to display infos on home page 1`] = `
Array [
  ExclusivityPane {
    "alt": "Exclusitivité du moment",
    "image": "https://images.ctfassets.net/2bg01iqy0isv/2qTXOFUocq1HhgB7Wzl23K/a48ab7bedde13545231c0f843fbcfe10/image__3_.png",
    "moduleId": "KiG6rWuQYhHuGIBXZNeB2",
    "offerId": "AE67",
  },
  Offers {
    "algolia": Object {
      "hitsPerPage": 10,
      "tags": Array [
        "	starter_pack_rentree",
      ],
      "title": "Pour bien commencer...",
    },
    "display": Object {
      "layout": "one-item-medium",
      "minOffers": 2,
      "title": "Pour bien commencer...",
    },
    "moduleId": "GlQb8Zg3n1PoYVmOyVCgW",
  },
  Offers {
    "algolia": Object {
      "hitsPerPage": 4,
      "tags": Array [
        "visites",
      ],
      "title": "Puisque tu aimes les visites",
    },
    "display": Object {
      "layout": "two-items",
      "minOffers": 2,
      "title": "Puisque tu aimes les visites...",
    },
    "moduleId": "5u3NaFTcu2XR5KgJ1OAg8C",
  },
  Offers {
    "algolia": Object {
      "hitsPerPage": 4,
      "tags": Array [
        "offre_du_moment",
      ],
      "title": "Les offres du moment",
    },
    "display": Object {
      "layout": "one-item-medium",
      "minOffers": 1,
      "title": "Offres du moment",
    },
    "moduleId": "1LgDMVOKdH3agA0WG2LFEr",
  },
  Offers {
    "algolia": Object {
      "beginningDatetime": "2020-09-11T00:01+02:00",
      "endingDatetime": "2020-09-12T23:59+02:00",
      "hitsPerPage": 30,
      "title": "Week-end",
    },
    "display": Object {
      "layout": "two-items",
      "minOffers": 2,
      "title": "A faire ce week-end !",
    },
    "moduleId": "3AbfVZZIZhfvSfGxJSrSqe",
  },
  BusinessPane {
    "firstLine": "Donne ton avis...",
    "image": "https://images.ctfassets.net/2bg01iqy0isv/6kgALLZ7PL6vYubjvE8s0c/8e545d3312343d25c776c3cded9e2784/Capture_d___e__cran_2020-07-22_a___12.24.11.png",
    "moduleId": "K2yYJkeX30OoepIooo2Um",
    "secondLine": "En répondant à notre rapide questionnaire",
    "targetNotConnectedUsersOnly": undefined,
    "url": "https://passculture.typeform.com/to/PYl2WwKC?email={email}",
  },
  BusinessPane {
    "firstLine": "En savoir plus sur le pass Culture",
    "image": "https://images.ctfassets.net/2bg01iqy0isv/6kgALLZ7PL6vYubjvE8s0c/8e545d3312343d25c776c3cded9e2784/Capture_d___e__cran_2020-07-22_a___12.24.11.png",
    "moduleId": "24FUVnnPPJ9v7JHkO7eaXK",
    "secondLine": "Consulte notre FAQ !",
    "targetNotConnectedUsersOnly": true,
    "url": "https://aide.passculture.app/fr/",
  },
  BusinessPane {
    "firstLine": "Crée un compte !",
    "image": "https://images.ctfassets.net/2bg01iqy0isv/6kgALLZ7PL6vYubjvE8s0c/8e545d3312343d25c776c3cded9e2784/Capture_d___e__cran_2020-07-22_a___12.24.11.png",
    "moduleId": "24FUVnnPPJ9v7JHkO7eaID",
    "secondLine": "Si tu as 18 ans, bénéficie de 300 €.",
    "targetNotConnectedUsersOnly": false,
    "url": "https://aide.passculture.app/fr/",
  },
  Offers {
    "algolia": Object {
      "hitsPerPage": 10,
      "tags": Array [
        "duo",
      ],
      "title": "Offres duo",
    },
    "display": Object {
      "layout": "two-items",
      "minOffers": 2,
      "title": "A faire à deux",
    },
    "moduleId": "3HnwRT9WtAl8pxywz83sX3",
  },
  OffersWithCover {
    "algolia": Object {
      "hitsPerPage": 2,
      "tags": Array [
        "foot",
      ],
      "title": "Sélection Mbappé",
    },
    "cover": "https://images.ctfassets.net/2bg01iqy0isv/bRKhK9wmpNkD6l5Zeo71J/cc59c22fe0382b61e831e4693e32826f/1020_Mbapp__2.png",
    "display": Object {
      "layout": "one-item-medium",
      "minOffers": 2,
      "title": "La sélection de ...",
    },
    "moduleId": "2Fjxhdirgh17ZvdPNZGDP4",
  },
  Offers {
    "algolia": Object {
      "hitsPerPage": 4,
      "tags": Array [
        "goncourt",
      ],
      "title": "Goncourt",
    },
    "display": Object {
      "layout": "two-items",
      "minOffers": 2,
      "title": "Découvre les livres sélectionnés pour le Goncourt des lycéens 2020 !",
    },
    "moduleId": "7c7xq3ulzqO2yDRJLDmths",
  },
  Offers {
    "algolia": Object {
      "categories": Array [
        "Instruments de musique",
        "Musique",
      ],
      "hitsPerPage": 6,
      "title": "Musique",
    },
    "display": Object {
      "layout": "one-item-medium",
      "minOffers": 2,
      "title": "Parce que tu aimes la musique...",
    },
    "moduleId": "6lk6vCol5Qza2mfdtsTzW",
  },
]
`;
