// Jest Snapshot v1, https://goo.gl/fbAQLP

exports[`<PasswordInput /> should render correctly 1`] = `
<View
  isFocus={false}
  style={
    Array [
      Object {
        "alignItems": "center",
        "backgroundColor": "#ffffff",
        "borderColor": "#c7c7cc",
        "borderRadius": 22,
        "borderStyle": "solid",
        "borderWidth": 1,
        "flexDirection": "row",
        "height": 40,
        "maxWidth": 675,
        "paddingBottom": 4,
        "paddingLeft": 16,
        "paddingRight": 16,
        "paddingTop": 4,
        "shadowColor": "#151515",
        "shadowOffset": Object {
          "height": 2,
          "width": 0,
        },
        "shadowOpacity": 0.15,
        "shadowRadius": 6,
        "width": "100%",
      },
    ]
  }
>
  <TextInput
    allowFontScaling={true}
    onBlur={[Function]}
    onFocus={[Function]}
    placeholder=""
    placeholderTextColor="#626262"
    rejectResponderTermination={true}
    secureTextEntry={true}
    style={
      Array [
        Object {
          "color": "#151515",
          "flexBasis": 0,
          "flexGrow": 1,
          "flexShrink": 1,
          "fontFamily": "Montserrat-Regular",
          "fontSize": 15,
          "paddingBottom": 0,
          "paddingLeft": 0,
          "paddingRight": 0,
          "paddingTop": 0,
        },
        Object {
          "flexBasis": 0,
          "flexGrow": 0.9,
          "flexShrink": 1,
        },
      ]
    }
    underlineColorAndroid="transparent"
  />
  <View
    accessibilityLabel="Basculer l'affichage du mot de passe"
    accessible={true}
    focusable={true}
    onClick={[Function]}
    onResponderGrant={[Function]}
    onResponderMove={[Function]}
    onResponderRelease={[Function]}
    onResponderTerminate={[Function]}
    onResponderTerminationRequest={[Function]}
    onStartShouldSetResponder={[Function]}
    style={
      Object {
        "flexBasis": 0,
        "flexGrow": 0.1,
        "flexShrink": 1,
        "maxWidth": 60,
        "opacity": 1,
      }
    }
    testID="Basculer l'affichage du mot de passe"
  >
    <View
      height="100%"
      testID="eye-slash"
      width="100%"
    >
      <Text>
        eye-slash-SVG-Mock
      </Text>
    </View>
  </View>
</View>
`;

exports[`<PasswordInput /> should render correctly when password is displayed 1`] = `
"Snapshot Diff:
- First value
+ Second value

@@ -33,11 +33,11 @@
      onBlur={[Function onBlur]}
      onFocus={[Function onFocus]}
      placeholder=\\"\\"
      placeholderTextColor=\\"#626262\\"
      rejectResponderTermination={true}
-     secureTextEntry={false}
+     secureTextEntry={true}
      style={
        Array [
          Object {
            \\"color\\": \\"#151515\\",
            \\"flexBasis\\": 0,
@@ -81,14 +81,14 @@
      }
      testID=\\"Basculer l'affichage du mot de passe\\"
    >
      <View
        height=\\"100%\\"
-       testID=\\"eye\\"
+       testID=\\"eye-slash\\"
        width=\\"100%\\"
      >
        <Text>
-         eye-SVG-Mock
+         eye-slash-SVG-Mock
        </Text>
      </View>
    </View>
  </View>"
`;

exports[`<PasswordInput /> should render correctly when password is hidden after it was displayed 1`] = `
"Snapshot Diff:
- First value
+ Second value

@@ -33,11 +33,11 @@
      onBlur={[Function onBlur]}
      onFocus={[Function onFocus]}
      placeholder=\\"\\"
      placeholderTextColor=\\"#626262\\"
      rejectResponderTermination={true}
-     secureTextEntry={true}
+     secureTextEntry={false}
      style={
        Array [
          Object {
            \\"color\\": \\"#151515\\",
            \\"flexBasis\\": 0,
@@ -81,14 +81,14 @@
      }
      testID=\\"Basculer l'affichage du mot de passe\\"
    >
      <View
        height=\\"100%\\"
-       testID=\\"eye-slash\\"
+       testID=\\"eye\\"
        width=\\"100%\\"
      >
        <Text>
-         eye-slash-SVG-Mock
+         eye-SVG-Mock
        </Text>
      </View>
    </View>
  </View>"
`;
