// Jest Snapshot v1, https://goo.gl/fbAQLP

exports[`BookingDetails should render correctly 1`] = `
Array [
  <RCTScrollView
    bounces={false}
    collapsable={false}
    onGestureHandlerEvent={[Function]}
    onGestureHandlerStateChange={[Function]}
    onScroll={[Function]}
    scrollEventThrottle={10}
    scrollIndicatorInsets={
      Object {
        "right": 1,
      }
    }
  >
    <View>
      <View
        style={
          Array [
            Object {
              "alignItems": "center",
            },
          ]
        }
      >
        <View
          style={
            Array [
              Object {
                "alignItems": "center",
                "position": "absolute",
              },
            ]
          }
        >
          <View
            height={312}
            testID="BackgroundPlaceholder"
            width={751}
          >
            <Text>
              BackgroundPlaceholder-SVG-Mock
            </Text>
          </View>
          <View
            height={8}
            width={751}
          >
            <Text>
              undefined-SVG-Mock
            </Text>
          </View>
        </View>
        <View
          numberOfSpaces={18}
          style={
            Array [
              Object {
                "height": 72,
              },
            ]
          }
        />
        <View
          customWitdh={300}
          onLayout={[Function]}
          style={
            Array [
              Object {
                "alignItems": "center",
                "flexDirection": "column",
                "justifyContent": "center",
                "maxWidth": 300,
              },
              Object {
                "shadowColor": "#151515",
                "shadowOffset": Object {
                  "height": 2,
                  "width": 0,
                },
                "shadowOpacity": 0.1,
                "shadowRadius": 3,
              },
            ]
          }
          testID="three-shapes-ticket"
        >
          <View
            height={37.62376237623762}
            width={300}
          >
            <Text>
              undefined-SVG-Mock
            </Text>
          </View>
          <View
            color="#ffffff"
            customWitdh={150}
            style={
              Array [
                Object {
                  "backgroundColor": "#ffffff",
                  "marginTop": -1,
                  "width": 150,
                },
              ]
            }
          >
            <View
              style={
                Array [
                  Object {
                    "alignItems": "center",
                    "minHeight": 220,
                    "paddingHorizontal": 28,
                    "paddingVertical": 8,
                  },
                ]
              }
            >
              <Text
                style={
                  Array [
                    Object {
                      "color": "#151515",
                      "fontFamily": "Montserrat-Bold",
                      "fontSize": 20,
                      "lineHeight": 24,
                      "paddingHorizontal": 4,
                      "textAlign": "center",
                    },
                  ]
                }
              >
                Avez-vous déjà vu ?
              </Text>
              <View
                numberOfSpaces={8}
                style={
                  Array [
                    Object {
                      "height": 32,
                    },
                  ]
                }
              />
              <Text
                style={
                  Array [
                    Object {
                      "color": "#eb0055",
                      "fontFamily": "Montserrat-Medium",
                      "fontSize": 18,
                      "lineHeight": 22,
                      "textAlign": "center",
                    },
                  ]
                }
              >
                352UW4
              </Text>
              <View
                numberOfSpaces={2.5}
                style={
                  Array [
                    Object {
                      "height": 10,
                    },
                  ]
                }
              />
              <View
                accessible={true}
                focusable={true}
                onClick={[Function]}
                onResponderGrant={[Function]}
                onResponderMove={[Function]}
                onResponderRelease={[Function]}
                onResponderTerminate={[Function]}
                onResponderTerminationRequest={[Function]}
                onStartShouldSetResponder={[Function]}
                style={
                  Object {
                    "alignItems": "center",
                    "backgroundColor": "#eb0055",
                    "borderRadius": 24,
                    "borderWidth": 0,
                    "flexDirection": "row",
                    "height": 40,
                    "justifyContent": "center",
                    "maxWidth": 500,
                    "opacity": 1,
                    "paddingBottom": 2,
                    "paddingLeft": 2,
                    "paddingRight": 2,
                    "paddingTop": 2,
                    "width": "100%",
                  }
                }
                testID="button-container"
              >
                <Text
                  adjustsFontSizeToFit={false}
                  numberOfLines={1}
                  style={
                    Array [
                      Object {
                        "color": "#ffffff",
                        "fontFamily": "Montserrat-Bold",
                        "fontSize": 15,
                        "lineHeight": 20,
                        "marginLeft": 5,
                        "maxWidth": 650,
                      },
                    ]
                  }
                  testID="button-title"
                  textColor="#ffffff"
                >
                  Accéder à l'offre
                </Text>
              </View>
              <View
                numberOfSpaces={9}
                style={
                  Array [
                    Object {
                      "height": 36,
                    },
                  ]
                }
              />
            </View>
          </View>
          <View
            height={37.62376237623762}
            width={300}
          >
            <Text>
              undefined-SVG-Mock
            </Text>
          </View>
        </View>
      </View>
      <View
        numberOfSpaces={4}
        style={
          Array [
            Object {
              "height": 16,
            },
          ]
        }
      />
      <Text
        style={
          Array [
            Object {
              "color": "#c7c7cc",
              "fontFamily": "Montserrat-SemiBold",
              "fontSize": 12,
              "lineHeight": 16,
              "paddingHorizontal": 24,
              "textAlign": "center",
            },
          ]
        }
      >
        Ce code à 6 caractères est ta preuve d’achat ! N’oublie pas que tu n’as pas le droit de le revendre ou le céder.
      </Text>
      <View
        numberOfSpaces={8}
        style={
          Array [
            Object {
              "height": 32,
            },
          ]
        }
      />
      <View
        style={
          Array [
            Object {
              "paddingHorizontal": 20,
            },
          ]
        }
      >
        <View>
          <Text
            style={
              Array [
                Object {
                  "color": "#151515",
                  "fontFamily": "Montserrat-Medium",
                  "fontSize": 18,
                  "lineHeight": 22,
                },
              ]
            }
          >
            Ma réservation
          </Text>
          <View
            numberOfSpaces={4.5}
            style={
              Array [
                Object {
                  "height": 18,
                },
              ]
            }
          />
          <View
            numberOfSpaces={5}
            style={
              Array [
                Object {
                  "height": 20,
                },
              ]
            }
          />
          <View
            accessible={true}
            focusable={false}
            onClick={[Function]}
            onResponderGrant={[Function]}
            onResponderMove={[Function]}
            onResponderRelease={[Function]}
            onResponderTerminate={[Function]}
            onResponderTerminationRequest={[Function]}
            onStartShouldSetResponder={[Function]}
            style={
              Object {
                "opacity": 1,
              }
            }
            testID="section-row-touchable"
          >
            <View
              style={
                Array [
                  Object {
                    "alignItems": "center",
                    "flexDirection": "row",
                    "justifyContent": "space-between",
                  },
                  undefined,
                ]
              }
            >
              <View
                height={24}
                width={24}
              >
                <Text>
                  undefined-SVG-Mock
                </Text>
              </View>
              <View
                style={
                  Array [
                    Object {
                      "flexBasis": 0,
                      "flexGrow": 1,
                      "flexShrink": 1,
                      "marginHorizontal": 8,
                      "textAlign": "left",
                    },
                  ]
                }
              >
                <Text
                  style={
                    Array [
                      Object {
                        "color": "#151515",
                        "fontFamily": "Montserrat-Regular",
                        "fontSize": 15,
                        "lineHeight": 20,
                      },
                    ]
                  }
                >
                  Le 15 mars 2021 à 20h00
                </Text>
              </View>
              <View
                style={
                  Array [
                    Object {
                      "alignItems": "flex-end",
                    },
                  ]
                }
              />
            </View>
          </View>
          <View
            numberOfSpaces={5}
            style={
              Array [
                Object {
                  "height": 20,
                },
              ]
            }
          />
        </View>
        <View
          numberOfSpaces={4}
          style={
            Array [
              Object {
                "height": 16,
              },
            ]
          }
        />
        <View
          style={
            Array [
              Object {
                "backgroundColor": "#f5f5f5",
                "height": 1,
                "width": "100%",
              },
            ]
          }
        />
        <View
          numberOfSpaces={4}
          style={
            Array [
              Object {
                "height": 16,
              },
            ]
          }
        />
        <View
          accessible={true}
          focusable={true}
          onClick={[Function]}
          onResponderGrant={[Function]}
          onResponderMove={[Function]}
          onResponderRelease={[Function]}
          onResponderTerminate={[Function]}
          onResponderTerminationRequest={[Function]}
          onStartShouldSetResponder={[Function]}
          style={
            Object {
              "alignItems": "center",
              "flexDirection": "row",
              "opacity": 1,
            }
          }
        >
          <View
            height={24}
            width={24}
          >
            <Text>
              undefined-SVG-Mock
            </Text>
          </View>
          <View
            numberOfSpaces={1}
            style={
              Array [
                Object {
                  "width": 4,
                },
              ]
            }
          />
          <Text
            style={
              Array [
                Object {
                  "color": "#151515",
                  "fontFamily": "Montserrat-Bold",
                  "fontSize": 15,
                  "lineHeight": 20,
                },
              ]
            }
          >
            Voir l'itinéraire
          </Text>
        </View>
      </View>
      <View
        numberOfSpaces={50}
        style={
          Array [
            Object {
              "height": 200,
            },
          ]
        }
      />
    </View>
  </RCTScrollView>,
  <View
    style={
      Object {
        "backgroundColor": "rgba(255, 255, 255, 0)",
        "position": "absolute",
        "top": 0,
        "width": "100%",
        "zIndex": 1,
      }
    }
  >
    <View
      customHeight={16}
      style={
        Array [
          Object {
            "height": 16,
          },
        ]
      }
    />
    <View
      numberOfSpaces={2}
      style={
        Array [
          Object {
            "height": 8,
          },
        ]
      }
    />
    <View
      style={
        Array [
          Object {
            "alignItems": "center",
            "flexDirection": "row",
          },
        ]
      }
    >
      <View
        style={
          Array [
            Object {
              "flexBasis": 0,
              "flexGrow": 1,
              "flexShrink": 1,
              "paddingLeft": 12,
            },
          ]
        }
      >
        <View
          accessible={true}
          focusable={true}
          onClick={[Function]}
          onResponderGrant={[Function]}
          onResponderMove={[Function]}
          onResponderRelease={[Function]}
          onResponderTerminate={[Function]}
          onResponderTerminationRequest={[Function]}
          onStartShouldSetResponder={[Function]}
          style={
            Object {
              "opacity": 1,
            }
          }
        >
          <View
            style={
              Object {
                "alignItems": "center",
                "aspectRatio": 1,
                "backgroundColor": "rgba(255, 255, 255, 1)",
                "borderColor": "rgba(245, 245, 245, 1)",
                "borderRadius": 40,
                "borderStyle": "solid",
                "borderWidth": 1,
                "justifyContent": "center",
                "overflow": "hidden",
                "transform": undefined,
                "width": 40,
              }
            }
            testID="headerIconRoundContainer"
          >
            <View
              size={32}
              style={
                Array [
                  Object {
                    "height": 32,
                    "width": 32,
                  },
                ]
              }
            >
              <View
                style={
                  Object {
                    "opacity": 1,
                    "position": "absolute",
                  }
                }
                testID="initial-icon-container"
              >
                <View
                  height={32}
                  testID="icon-back"
                  width={32}
                >
                  <Text>
                    icon-back-SVG-Mock
                  </Text>
                </View>
              </View>
              <View
                style={
                  Object {
                    "opacity": 0,
                    "position": "absolute",
                  }
                }
                testID="final-icon-container"
              >
                <View
                  height={32}
                  testID="final-icon-back"
                  width={32}
                >
                  <Text>
                    final-icon-back-SVG-Mock
                  </Text>
                </View>
              </View>
            </View>
          </View>
        </View>
      </View>
      <Text
        numberOfLines={1}
        style={
          Object {
            "flexBasis": 0,
            "flexGrow": 5,
            "flexShrink": 1,
            "opacity": 0,
            "textAlign": "center",
          }
        }
      >
        <Text
          color="#ffffff"
          style={
            Array [
              Object {
                "color": "#ffffff",
                "fontFamily": "Montserrat-Regular",
                "fontSize": 15,
                "lineHeight": 20,
              },
            ]
          }
        >
          Avez-vous déjà vu ?
        </Text>
      </Text>
      <View
        numberOfSpaces={3}
        style={
          Array [
            Object {
              "width": 12,
            },
          ]
        }
      />
      <View
        style={
          Array [
            Object {
              "flexBasis": 0,
              "flexGrow": 1,
              "flexShrink": 1,
            },
          ]
        }
      />
    </View>
    <View
      numberOfSpaces={2}
      style={
        Array [
          Object {
            "height": 8,
          },
        ]
      }
    />
  </View>,
]
`;
