// Jest Snapshot v1, https://goo.gl/fbAQLP

exports[`OfferCategory renders correctly 1`] = `
<View
  style={
    Array [
      Object {
        "alignItems": "center",
        "flexBasis": 0,
        "flexGrow": 1,
        "flexShrink": 1,
      },
    ]
  }
>
  <View
    style={
      Array [
        Object {
          "paddingBottom": 4,
          "paddingLeft": 4,
          "paddingRight": 4,
          "paddingTop": 4,
        },
      ]
    }
  >
    <View
      fill="#626262"
      height={40}
      width={40}
    >
      <Text>
        undefined-SVG-Mock
      </Text>
    </View>
  </View>
  <Text
    style={
      Array [
        Object {
          "color": "#151515",
          "fontFamily": "Montserrat-SemiBold",
          "fontSize": 12,
          "lineHeight": 16,
          "textAlign": "center",
        },
      ]
    }
    testID="caption-undefined"
  >
    Livre ou carte lecture
  </Text>
</View>
`;
