// Jest Snapshot v1, https://goo.gl/fbAQLP

exports[`ConfirmDeleteProfile component should render confirm delete profile 1`] = `
<View
  style={
    Array [
      Object {
        "alignItems": "center",
        "flexBasis": 0,
        "flexGrow": 1,
        "flexShrink": 1,
      },
    ]
  }
>
  <View
    style={
      Array [
        Object {
          "height": "100%",
          "left": 0,
          "position": "absolute",
          "top": 0,
          "width": "100%",
        },
      ]
    }
  >
    <View
      height="100%"
      width="100%"
    >
      <Text>
        undefined-SVG-Mock
      </Text>
    </View>
  </View>
  <View
    customHeight={16}
    style={
      Array [
        Object {
          "height": 16,
        },
      ]
    }
  />
  <View
    style={
      Array [
        Object {
          "flexBasis": 0,
          "flexGrow": 1,
          "flexShrink": 1,
        },
      ]
    }
  />
  <View
    height={75}
    width={116}
  >
    <Text>
      undefined-SVG-Mock
    </Text>
  </View>
  <View
    style={
      Array [
        Object {
          "alignItems": "center",
          "flexGrow": 1,
          "justifyContent": "center",
          "marginHorizontal": 32,
          "textAlign": "center",
        },
      ]
    }
  >
    <Text
      style={
        Array [
          Object {
            "textAlign": "center",
          },
        ]
      }
    >
      <Text
        color="#ffffff"
        style={
          Array [
            Object {
              "color": "#ffffff",
              "fontFamily": "Montserrat-MediumItalic",
              "fontSize": 24,
              "lineHeight": 28,
            },
          ]
        }
      >
        Es-tu sûr de vouloir supprimer ton compte ?
      </Text>
    </Text>
    <View
      numberOfSpaces={4}
      style={
        Array [
          Object {
            "height": 16,
          },
        ]
      }
    />
    <Text
      style={
        Array [
          Object {
            "textAlign": "center",
          },
        ]
      }
    >
      <Text
        color="#ffffff"
        style={
          Array [
            Object {
              "color": "#ffffff",
              "fontFamily": "Montserrat-Regular",
              "fontSize": 15,
              "lineHeight": 20,
            },
          ]
        }
      >
        Tu as 30 jours pour te rétracter en envoyant un message à support@passculture.app
      </Text>
    </Text>
    <View
      numberOfSpaces={4}
      style={
        Array [
          Object {
            "height": 16,
          },
        ]
      }
    />
    <Text
      style={
        Array [
          Object {
            "textAlign": "center",
          },
        ]
      }
    >
      <Text
        color="#ffffff"
        style={
          Array [
            Object {
              "color": "#ffffff",
              "fontFamily": "Montserrat-Regular",
              "fontSize": 15,
              "lineHeight": 20,
            },
          ]
        }
      >
        Une fois ce délai écoulé, tes données seront supprimées de nos fichier
      </Text>
    </Text>
  </View>
  <View
    numberOfSpaces={8}
    style={
      Array [
        Object {
          "height": 32,
        },
      ]
    }
  />
  <View
    style={
      Array [
        Object {
          "flexDirection": "row",
        },
      ]
    }
  >
    <View
      style={
        Array [
          Object {
            "flexBasis": 0,
            "flexGrow": 1,
            "flexShrink": 1,
            "marginHorizontal": 32,
          },
        ]
      }
    >
      <View
        accessible={true}
        focusable={true}
        onClick={[Function]}
        onResponderGrant={[Function]}
        onResponderMove={[Function]}
        onResponderRelease={[Function]}
        onResponderTerminate={[Function]}
        onResponderTerminationRequest={[Function]}
        onStartShouldSetResponder={[Function]}
        style={
          Object {
            "alignItems": "center",
            "backgroundColor": "#ffffff",
            "borderRadius": 24,
            "borderWidth": 0,
            "flexDirection": "row",
            "height": 48,
            "justifyContent": "center",
            "maxWidth": 500,
            "opacity": 1,
            "paddingBottom": 2,
            "paddingLeft": 2,
            "paddingRight": 2,
            "paddingTop": 2,
            "width": "100%",
          }
        }
        testID="button-container"
      >
        <Text
          adjustsFontSizeToFit={false}
          numberOfLines={1}
          style={
            Array [
              Object {
                "color": "#eb0055",
                "fontFamily": "Montserrat-Bold",
                "fontSize": 15,
                "lineHeight": 20,
                "marginLeft": 5,
                "maxWidth": 650,
              },
            ]
          }
          testID="button-title"
          textColor="#eb0055"
        >
          Je supprime mon compte
        </Text>
      </View>
      <View
        numberOfSpaces={4}
        style={
          Array [
            Object {
              "height": 16,
            },
          ]
        }
      />
      <View
        accessible={true}
        focusable={true}
        onClick={[Function]}
        onResponderGrant={[Function]}
        onResponderMove={[Function]}
        onResponderRelease={[Function]}
        onResponderTerminate={[Function]}
        onResponderTerminationRequest={[Function]}
        onStartShouldSetResponder={[Function]}
        style={
          Object {
            "alignItems": "center",
            "backgroundColor": "transparent",
            "borderRadius": 24,
            "borderWidth": 0,
            "flexDirection": "row",
            "height": 48,
            "justifyContent": "center",
            "maxWidth": 500,
            "opacity": 1,
            "paddingBottom": 2,
            "paddingLeft": 2,
            "paddingRight": 2,
            "paddingTop": 2,
            "width": "100%",
          }
        }
        testID="button-container"
      >
        <Text
          adjustsFontSizeToFit={false}
          numberOfLines={1}
          style={
            Array [
              Object {
                "color": "#ffffff",
                "fontFamily": "Montserrat-Bold",
                "fontSize": 15,
                "lineHeight": 20,
                "marginLeft": 5,
                "maxWidth": 650,
              },
            ]
          }
          testID="button-title"
          textColor="#ffffff"
        >
          Abandonner
        </Text>
      </View>
    </View>
  </View>
  <View
    style={
      Array [
        Object {
          "flexBasis": 0,
          "flexGrow": 1,
          "flexShrink": 1,
        },
      ]
    }
  />
  <View
    customHeight={8}
    style={
      Array [
        Object {
          "height": 8,
        },
      ]
    }
  />
</View>
`;
