// Jest Snapshot v1, https://goo.gl/fbAQLP

exports[`Home component should render correctly without login modal 1`] = `
<RCTScrollView
  bounces={false}
  onScroll={[Function]}
  scrollEventThrottle={400}
  testID="homeScrollView"
>
  <View>
    <View
      customHeight={16}
      style={
        Array [
          Object {
            "height": 16,
          },
        ]
      }
    />
    <View
      style={
        Array [
          Object {
            "left": 0,
            "position": "absolute",
            "top": 0,
            "zIndex": 0,
          },
        ]
      }
    >
      <View
        height={280}
        width={754}
      >
        <Text>
          undefined-SVG-Mock
        </Text>
      </View>
    </View>
    <View
      style={
        Array [
          Object {
            "alignItems": "center",
            "flexBasis": 0,
            "flexGrow": 1,
            "flexShrink": 1,
          },
        ]
      }
    >
      <View
        numberOfSpaces={8}
        style={
          Array [
            Object {
              "height": 32,
            },
          ]
        }
      />
      <Text
        color="#ffffff"
        numberOfLines={2}
        style={
          Array [
            Object {
              "color": "#ffffff",
              "fontFamily": "Montserrat-ExtraBoldItalic",
              "fontSize": 28,
              "lineHeight": 34,
              "marginHorizontal": 32,
              "textAlign": "center",
            },
          ]
        }
      >
        Bienvenue !
      </Text>
      <View
        numberOfSpaces={2}
        style={
          Array [
            Object {
              "height": 8,
            },
          ]
        }
      />
      <Text
        color="#ffffff"
        style={
          Array [
            Object {
              "color": "#ffffff",
              "fontFamily": "Montserrat-Regular",
              "fontSize": 15,
              "lineHeight": 20,
            },
          ]
        }
      >
        Toute la culture dans ta main
      </Text>
    </View>
    <View
      numberOfSpaces={6}
      style={
        Array [
          Object {
            "height": 24,
          },
        ]
      }
    />
    <View
      isLoading={false}
      style={
        Array [
          Object {
            "overflow": "hidden",
          },
        ]
      }
    >
      <View
        style={
          Array [
            Object {
              "alignItems": "flex-start",
              "flexBasis": 0,
              "flexGrow": 1,
              "flexShrink": 1,
            },
          ]
        }
      >
        <View
          numberOfSpaces={6}
          style={
            Array [
              Object {
                "height": 24,
              },
            ]
          }
        />
      </View>
    </View>
    <Modal
      animationType="slide"
      hardwareAccelerated={false}
      statusBarTranslucent={true}
      testID="modal"
      transparent={true}
      visible={false}
    >
      <View
        accessible={true}
        focusable={true}
        onClick={[Function]}
        onResponderGrant={[Function]}
        onResponderMove={[Function]}
        onResponderRelease={[Function]}
        onResponderTerminate={[Function]}
        onResponderTerminationRequest={[Function]}
        onStartShouldSetResponder={[Function]}
        style={
          Object {
            "flexDirection": "column",
            "flexGrow": 1,
            "height": "100%",
            "justifyContent": "flex-end",
            "opacity": 1,
            "width": "100%",
          }
        }
        testID="click-away-area"
      >
        <View
          accessible={true}
          focusable={false}
          onClick={[Function]}
          onResponderGrant={[Function]}
          onResponderMove={[Function]}
          onResponderRelease={[Function]}
          onResponderTerminate={[Function]}
          onResponderTerminationRequest={[Function]}
          onStartShouldSetResponder={[Function]}
          style={
            Object {
              "alignItems": "center",
              "backgroundColor": "#ffffff",
              "borderTopEndRadius": 16,
              "borderTopStartRadius": 16,
              "flexDirection": "column",
              "justifyContent": "flex-start",
              "maxHeight": "85%",
              "opacity": 1,
              "paddingBottom": 20,
              "paddingLeft": 20,
              "paddingRight": 20,
              "paddingTop": 20,
              "width": "100%",
            }
          }
        >
          <View
            style={
              Array [
                Object {
                  "alignItems": "center",
                  "flexDirection": "row",
                  "justifyContent": "space-between",
                  "width": "100%",
                  "zIndex": 1,
                },
              ]
            }
          >
            <View
              accessible={true}
              focusable={false}
              onClick={[Function]}
              onResponderGrant={[Function]}
              onResponderMove={[Function]}
              onResponderRelease={[Function]}
              onResponderTerminate={[Function]}
              onResponderTerminationRequest={[Function]}
              onStartShouldSetResponder={[Function]}
              style={
                Object {
                  "alignItems": "flex-start",
                  "flexBasis": 0,
                  "flexGrow": 0.1,
                  "flexShrink": 1,
                  "marginLeft": -4,
                  "opacity": 1,
                }
              }
              testID="leftIconButton"
            />
            <Text
              numberOfLines={2}
              style={
                Array [
                  Object {
                    "color": "#151515",
                    "flexBasis": 0,
                    "flexGrow": 0.8,
                    "flexShrink": 1,
                    "fontFamily": "Montserrat-Medium",
                    "fontSize": 18,
                    "lineHeight": 22,
                    "textAlign": "center",
                  },
                ]
              }
            >
              Le pass Culture est accessible à tous !
            </Text>
            <View
              accessible={true}
              focusable={true}
              onClick={[Function]}
              onResponderGrant={[Function]}
              onResponderMove={[Function]}
              onResponderRelease={[Function]}
              onResponderTerminate={[Function]}
              onResponderTerminationRequest={[Function]}
              onStartShouldSetResponder={[Function]}
              style={
                Object {
                  "alignItems": "flex-end",
                  "flexBasis": 0,
                  "flexGrow": 0.1,
                  "flexShrink": 1,
                  "marginRight": -4,
                  "opacity": 1,
                }
              }
              testID="rightIconButton"
            >
              <View
                height={32}
                testID="rightIcon"
                width={32}
              >
                <Text>
                  rightIcon-SVG-Mock
                </Text>
              </View>
            </View>
          </View>
          <View
            style={
              Array [
                Object {
                  "alignItems": "center",
                  "maxWidth": 500,
                  "paddingTop": 20,
                  "width": "100%",
                },
                Object {
                  "paddingBottom": 8,
                },
              ]
            }
          >
            <Text
              style={
                Array [
                  Object {
                    "paddingBottom": 30,
                    "textAlign": "center",
                  },
                ]
              }
            >
              <Text
                style={
                  Array [
                    Object {
                      "color": "#151515",
                      "fontFamily": "Montserrat-Regular",
                      "fontSize": 15,
                      "lineHeight": 20,
                    },
                  ]
                }
              >
                Si tu as 18 ans, tu es éligible pour obtenir une aide financière de 300 € proposée par le Ministère de la Culture qui sera créditée directement sur ton compte pass Culture.
              </Text>
            </Text>
            <View
              accessible={true}
              focusable={true}
              onClick={[Function]}
              onResponderGrant={[Function]}
              onResponderMove={[Function]}
              onResponderRelease={[Function]}
              onResponderTerminate={[Function]}
              onResponderTerminationRequest={[Function]}
              onStartShouldSetResponder={[Function]}
              style={
                Object {
                  "alignItems": "center",
                  "backgroundColor": "#eb0055",
                  "borderRadius": 24,
                  "borderWidth": 0,
                  "flexDirection": "row",
                  "height": 40,
                  "justifyContent": "center",
                  "maxWidth": 500,
                  "opacity": 1,
                  "paddingBottom": 2,
                  "paddingLeft": 2,
                  "paddingRight": 2,
                  "paddingTop": 2,
                  "width": "100%",
                }
              }
              testID="button-container"
            >
              <Text
                adjustsFontSizeToFit={false}
                numberOfLines={1}
                style={
                  Array [
                    Object {
                      "color": "#ffffff",
                      "fontFamily": "Montserrat-Bold",
                      "fontSize": 15,
                      "lineHeight": 20,
                      "marginLeft": 5,
                      "maxWidth": 650,
                    },
                  ]
                }
                testID="button-title"
                textColor="#ffffff"
              >
                S'inscrire
              </Text>
            </View>
            <View
              numberOfSpaces={3}
              style={
                Array [
                  Object {
                    "height": 12,
                  },
                ]
              }
            />
            <View
              accessible={true}
              focusable={true}
              onClick={[Function]}
              onResponderGrant={[Function]}
              onResponderMove={[Function]}
              onResponderRelease={[Function]}
              onResponderTerminate={[Function]}
              onResponderTerminationRequest={[Function]}
              onStartShouldSetResponder={[Function]}
              style={
                Object {
                  "alignItems": "center",
                  "backgroundColor": "transparent",
                  "borderRadius": 24,
                  "borderWidth": 0,
                  "flexDirection": "row",
                  "height": 40,
                  "justifyContent": "center",
                  "maxWidth": 500,
                  "opacity": 1,
                  "paddingBottom": 2,
                  "paddingLeft": 2,
                  "paddingRight": 2,
                  "paddingTop": 2,
                  "width": "100%",
                }
              }
              testID="button-container"
            >
              <Text
                adjustsFontSizeToFit={false}
                numberOfLines={1}
                style={
                  Array [
                    Object {
                      "color": "#eb0055",
                      "fontFamily": "Montserrat-Bold",
                      "fontSize": 15,
                      "lineHeight": 20,
                      "marginLeft": 5,
                      "maxWidth": 650,
                    },
                  ]
                }
                testID="button-title"
                textColor="#eb0055"
              >
                Se connecter
              </Text>
            </View>
          </View>
        </View>
      </View>
    </Modal>
    <View
      customHeight={72}
      style={
        Array [
          Object {
            "height": 72,
          },
        ]
      }
    />
  </View>
</RCTScrollView>
`;
