// Jest Snapshot v1, https://goo.gl/fbAQLP

exports[`Home component modal test should render modal correctly 1`] = `
"Snapshot Diff:
- First value
+ Second value

@@ -220,11 +220,11 @@
                    animationType=\\"slide\\"
                    hardwareAccelerated={false}
                    statusBarTranslucent={true}
                    testID=\\"modal\\"
                    transparent={true}
-                   visible={false}
+                   visible={true}
                  >
                    <View
                      accessible={true}
                      focusable={true}
                      onClick={[Function onClick]}"
`;
