// Jest Snapshot v1, https://goo.gl/fbAQLP

exports[`ImageCaption component should render correctly 1`] = `
<View
  style={
    Array [
      Object {
        "alignItems": "center",
        "backgroundColor": "#151515",
        "borderBottomLeftRadius": 8,
        "borderBottomRightRadius": 8,
        "flexDirection": "row",
        "height": 24,
        "width": 50,
      },
    ]
  }
  width={50}
>
  <View
    style={
      Array [
        Object {
          "alignItems": "center",
          "flexBasis": 0,
          "flexGrow": 1,
          "flexShrink": 1,
          "justifyContent": "center",
          "paddingHorizontal": 8,
        },
      ]
    }
  >
    <Text
      color="#ffffff"
      numberOfLines={1}
      style={
        Array [
          Object {
            "color": "#ffffff",
            "fontFamily": "Montserrat-SemiBold",
            "fontSize": 12,
            "fontWeight": "600",
            "lineHeight": 16,
          },
        ]
      }
      testID="categoryImageCaption"
    >
      Musique
    </Text>
  </View>
  <View
    style={
      Array [
        Object {
          "backgroundColor": "#ffffff",
          "height": 16,
          "width": 1,
        },
      ]
    }
  />
  <View
    style={
      Array [
        Object {
          "alignItems": "center",
          "flexBasis": 0,
          "flexGrow": 1,
          "flexShrink": 1,
          "justifyContent": "center",
          "paddingHorizontal": 8,
        },
      ]
    }
  >
    <Text
      color="#ffffff"
      style={
        Array [
          Object {
            "color": "#ffffff",
            "fontFamily": "Montserrat-SemiBold",
            "fontSize": 12,
            "fontWeight": "600",
            "lineHeight": 16,
          },
        ]
      }
      testID="distanceImageCaption"
    >
      <Text>
        1,2km
      </Text>
    </Text>
  </View>
</View>
`;
