// Jest Snapshot v1, https://goo.gl/fbAQLP

exports[`LocationFilter component should render correctly 1`] = `
Array [
  <View
    customHeight={16}
    style={
      Array [
        Object {
          "height": 16,
        },
      ]
    }
  />,
  <View
    numberOfSpaces={14}
    style={
      Array [
        Object {
          "height": 56,
        },
      ]
    }
  />,
  <View
    style={
      Array [
        Object {
          "alignItems": "center",
          "backgroundColor": "#ecf0f1",
          "borderRadius": 4,
          "display": "flex",
          "flexDirection": "row",
          "marginHorizontal": 24,
          "paddingVertical": 16,
        },
      ]
    }
  >
    <View
      numberOfSpaces={3}
      style={
        Array [
          Object {
            "width": 12,
          },
        ]
      }
    />
    <View
      height={32}
      width={32}
    >
      undefined-SVG-Mock
    </View>
    <View
      numberOfSpaces={3}
      style={
        Array [
          Object {
            "width": 12,
          },
        ]
      }
    />
    <View
      style={
        Array [
          Object {
            "flexShrink": 1,
          },
        ]
      }
    >
      <Text
        color="#626262"
        style={
          Array [
            Object {
              "color": "#626262",
              "fontFamily": "Montserrat-SemiBold",
              "fontSize": 12,
              "lineHeight": 16,
            },
          ]
        }
      >
        Seules les offres Sorties et Physiques seront affich√©es pour une recherche avec une localisation
      </Text>
    </View>
    <View
      numberOfSpaces={5}
      style={
        Array [
          Object {
            "width": 20,
          },
        ]
      }
    />
  </View>,
  <View
    style={
      Array [
        Object {
          "backgroundColor": "#eb0055",
          "position": "absolute",
          "top": 0,
          "width": "100%",
        },
      ]
    }
  >
    <View
      customHeight={16}
      style={
        Array [
          Object {
            "height": 16,
          },
        ]
      }
    />
    <View
      numberOfSpaces={2}
      style={
        Array [
          Object {
            "height": 8,
          },
        ]
      }
    />
    <View
      style={
        Array [
          Object {
            "alignItems": "center",
            "flexBasis": 0,
            "flexDirection": "row",
            "flexGrow": 1,
            "flexShrink": 1,
          },
        ]
      }
    >
      <View
        numberOfSpaces={5}
        style={
          Array [
            Object {
              "width": 20,
            },
          ]
        }
      />
      <View
        accessible={true}
        focusable={true}
        onClick={[Function]}
        onResponderGrant={[Function]}
        onResponderMove={[Function]}
        onResponderRelease={[Function]}
        onResponderTerminate={[Function]}
        onResponderTerminationRequest={[Function]}
        onStartShouldSetResponder={[Function]}
        style={
          Object {
            "opacity": 1,
          }
        }
      >
        <View
          height={32}
          testID="icon-back"
          width={32}
        >
          icon-back-SVG-Mock
        </View>
      </View>
      <View
        numberOfSpaces={0}
        style={
          Array [
            Object {
              "width": 0,
            },
          ]
        }
      />
      <View
        style={
          Array [
            Object {
              "flexBasis": 0,
              "flexGrow": 1,
              "flexShrink": 1,
            },
          ]
        }
      />
      <Text
        numberOfLines={2}
        style={
          Array [
            Object {
              "flexShrink": 1,
              "textAlign": "center",
            },
          ]
        }
      >
        <Text
          color="#ffffff"
          style={
            Array [
              Object {
                "color": "#ffffff",
                "fontFamily": "Montserrat-Regular",
                "fontSize": 15,
                "lineHeight": 20,
              },
            ]
          }
        >
          Localisation
        </Text>
      </Text>
      <View
        style={
          Array [
            Object {
              "flexBasis": 0,
              "flexGrow": 1,
              "flexShrink": 1,
            },
          ]
        }
      />
      <View
        numberOfSpaces={10}
        style={
          Array [
            Object {
              "width": 40,
            },
          ]
        }
      />
      <View
        numberOfSpaces={6}
        style={
          Array [
            Object {
              "width": 24,
            },
          ]
        }
      />
    </View>
    <View
      numberOfSpaces={2}
      style={
        Array [
          Object {
            "height": 8,
          },
        ]
      }
    />
  </View>,
]
`;
