// Jest Snapshot v1, https://goo.gl/fbAQLP

exports[`SearchFilter component should render correctly 1`] = `
<RCTScrollView
  style={
    Array [
      Object {
        "flexBasis": 0,
        "flexGrow": 1,
        "flexShrink": 1,
        "marginHorizontal": 24,
      },
    ]
  }
>
  <View>
    <View
      customHeight={16}
      style={
        Array [
          Object {
            "height": 16,
          },
        ]
      }
    />
    <Text
      style={
        Array [
          Object {
            "color": "#151515",
            "fontFamily": "Montserrat-Medium",
            "fontSize": 18,
            "lineHeight": 22,
          },
        ]
      }
    >
      Rayon
    </Text>
    <View
      style={
        Array [
          Object {
            "alignItems": "center",
            "marginTop": 16,
          },
        ]
      }
    >
      <Text
        style={
          Array [
            Object {
              "color": "#151515",
              "fontFamily": "Montserrat-Bold",
              "fontSize": 15,
              "lineHeight": 20,
            },
          ]
        }
      >
        100 km
      </Text>
      <View
        numberOfSpaces={4}
        style={
          Array [
            Object {
              "height": 16,
            },
          ]
        }
      />
      <View>
        <View
          style={
            Array [
              Object {
                "height": 50,
                "justifyContent": "center",
                "position": "relative",
              },
              Object {
                "height": 20,
              },
            ]
          }
        >
          <View
            style={
              Array [
                Object {
                  "flexDirection": "row",
                },
                Object {
                  "width": 280,
                },
              ]
            }
          >
            <View
              style={
                Array [
                  Object {
                    "backgroundColor": "#A7A7A7",
                    "borderRadius": 2,
                    "height": 2,
                  },
                  Object {
                    "borderRadius": 24,
                    "height": 15,
                    "marginTop": -7,
                  },
                  Object {
                    "backgroundColor": "#eb0055",
                  },
                  Object {
                    "width": 280,
                  },
                ]
              }
            />
            <View
              style={
                Array [
                  Object {
                    "backgroundColor": "#A7A7A7",
                    "borderRadius": 2,
                    "height": 2,
                  },
                  Object {
                    "borderRadius": 24,
                    "height": 15,
                    "marginTop": -7,
                  },
                  Object {
                    "backgroundColor": "#c7c7cc",
                  },
                  Object {
                    "width": 0,
                  },
                ]
              }
            />
            <View
              style={
                Array [
                  Object {
                    "alignItems": "center",
                    "backgroundColor": "transparent",
                    "height": 48,
                    "justifyContent": "center",
                    "position": "absolute",
                    "width": 48,
                  },
                  Object {
                    "left": 256,
                    "top": -24,
                  },
                  undefined,
                  Object {
                    "zIndex": 1,
                  },
                ]
              }
            >
              <View
                onMoveShouldSetResponder={[Function]}
                onMoveShouldSetResponderCapture={[Function]}
                onResponderEnd={[Function]}
                onResponderGrant={[Function]}
                onResponderMove={[Function]}
                onResponderReject={[Function]}
                onResponderRelease={[Function]}
                onResponderStart={[Function]}
                onResponderTerminate={[Function]}
                onResponderTerminationRequest={[Function]}
                onStartShouldSetResponder={[Function]}
                onStartShouldSetResponderCapture={[Function]}
                style={
                  Array [
                    Object {
                      "alignItems": "center",
                      "alignSelf": "stretch",
                      "backgroundColor": "transparent",
                      "justifyContent": "center",
                    },
                    Object {
                      "borderRadius": 15,
                    },
                  ]
                }
              >
                <View
                  accessible={true}
                  focusable={false}
                  onClick={[Function]}
                  onResponderGrant={[Function]}
                  onResponderMove={[Function]}
                  onResponderRelease={[Function]}
                  onResponderTerminate={[Function]}
                  onResponderTerminationRequest={[Function]}
                  onStartShouldSetResponder={[Function]}
                >
                  <View
                    style={
                      Array [
                        Object {
                          "backgroundColor": "#FFFFFF",
                          "borderColor": "#DDDDDD",
                          "borderRadius": 30,
                          "borderWidth": 1,
                          "height": 30,
                          "shadowColor": "#000000",
                          "shadowOffset": Object {
                            "height": 3,
                            "width": 0,
                          },
                          "shadowOpacity": 0.2,
                          "shadowRadius": 1,
                          "width": 30,
                        },
                        Object {
                          "backgroundColor": "#ffffff",
                          "borderColor": "#ffffff",
                          "borderRadius": 28,
                          "elevation": 4,
                          "height": 28,
                          "shadowColor": "#151515",
                          "shadowOpacity": 0.2,
                          "shadowRadius": 4,
                          "width": 28,
                        },
                        undefined,
                        undefined,
                      ]
                    }
                  />
                </View>
              </View>
            </View>
          </View>
        </View>
      </View>
    </View>
    <View
      style={
        Array [
          Object {
            "alignSelf": "center",
            "backgroundColor": "#f5f5f5",
            "height": 2,
            "marginVertical": 24,
            "width": "100%",
          },
        ]
      }
    />
    <Text
      style={
        Array [
          Object {
            "color": "#151515",
            "fontFamily": "Montserrat-Medium",
            "fontSize": 18,
            "lineHeight": 22,
          },
        ]
      }
    >
      Prix
    </Text>
    <View
      style={
        Array [
          Object {
            "alignItems": "center",
            "marginTop": 16,
          },
        ]
      }
    >
      <Text
        style={
          Array [
            Object {
              "color": "#151515",
              "fontFamily": "Montserrat-Bold",
              "fontSize": 15,
              "lineHeight": 20,
            },
          ]
        }
      >
        0 € - 300 €
      </Text>
      <View
        numberOfSpaces={4}
        style={
          Array [
            Object {
              "height": 16,
            },
          ]
        }
      />
      <View>
        <View
          style={
            Array [
              Object {
                "height": 50,
                "justifyContent": "center",
                "position": "relative",
              },
              Object {
                "height": 20,
              },
            ]
          }
        >
          <View
            style={
              Array [
                Object {
                  "flexDirection": "row",
                },
                Object {
                  "width": 280,
                },
              ]
            }
          >
            <View
              style={
                Array [
                  Object {
                    "backgroundColor": "#A7A7A7",
                    "borderRadius": 2,
                    "height": 2,
                  },
                  Object {
                    "borderRadius": 24,
                    "height": 15,
                    "marginTop": -7,
                  },
                  Object {
                    "backgroundColor": "#c7c7cc",
                  },
                  Object {
                    "width": 0,
                  },
                ]
              }
            />
            <View
              onMoveShouldSetResponder={[Function]}
              onMoveShouldSetResponderCapture={[Function]}
              onResponderEnd={[Function]}
              onResponderGrant={[Function]}
              onResponderMove={[Function]}
              onResponderReject={[Function]}
              onResponderRelease={[Function]}
              onResponderStart={[Function]}
              onResponderTerminate={[Function]}
              onResponderTerminationRequest={[Function]}
              onStartShouldSetResponder={[Function]}
              onStartShouldSetResponderCapture={[Function]}
              style={
                Array [
                  Object {
                    "backgroundColor": "#A7A7A7",
                    "borderRadius": 2,
                    "height": 2,
                  },
                  Object {
                    "borderRadius": 24,
                    "height": 15,
                    "marginTop": -7,
                  },
                  Object {
                    "backgroundColor": "#eb0055",
                  },
                  Object {
                    "width": 280,
                  },
                ]
              }
            />
            <View
              style={
                Array [
                  Object {
                    "backgroundColor": "#A7A7A7",
                    "borderRadius": 2,
                    "height": 2,
                  },
                  Object {
                    "borderRadius": 24,
                    "height": 15,
                    "marginTop": -7,
                  },
                  Object {
                    "backgroundColor": "#c7c7cc",
                  },
                  Object {
                    "width": 0,
                  },
                ]
              }
            />
            <View
              style={
                Array [
                  Object {
                    "alignItems": "center",
                    "backgroundColor": "transparent",
                    "height": 48,
                    "justifyContent": "center",
                    "position": "absolute",
                    "width": 48,
                  },
                  Object {
                    "left": -24,
                    "top": -24,
                  },
                  undefined,
                  false,
                ]
              }
            >
              <View
                onMoveShouldSetResponder={[Function]}
                onMoveShouldSetResponderCapture={[Function]}
                onResponderEnd={[Function]}
                onResponderGrant={[Function]}
                onResponderMove={[Function]}
                onResponderReject={[Function]}
                onResponderRelease={[Function]}
                onResponderStart={[Function]}
                onResponderTerminate={[Function]}
                onResponderTerminationRequest={[Function]}
                onStartShouldSetResponder={[Function]}
                onStartShouldSetResponderCapture={[Function]}
                style={
                  Array [
                    Object {
                      "alignItems": "center",
                      "alignSelf": "stretch",
                      "backgroundColor": "transparent",
                      "justifyContent": "center",
                    },
                    Object {
                      "borderRadius": 15,
                    },
                  ]
                }
              >
                <View
                  accessible={true}
                  focusable={false}
                  onClick={[Function]}
                  onResponderGrant={[Function]}
                  onResponderMove={[Function]}
                  onResponderRelease={[Function]}
                  onResponderTerminate={[Function]}
                  onResponderTerminationRequest={[Function]}
                  onStartShouldSetResponder={[Function]}
                >
                  <View
                    style={
                      Array [
                        Object {
                          "backgroundColor": "#FFFFFF",
                          "borderColor": "#DDDDDD",
                          "borderRadius": 30,
                          "borderWidth": 1,
                          "height": 30,
                          "shadowColor": "#000000",
                          "shadowOffset": Object {
                            "height": 3,
                            "width": 0,
                          },
                          "shadowOpacity": 0.2,
                          "shadowRadius": 1,
                          "width": 30,
                        },
                        Object {
                          "backgroundColor": "#ffffff",
                          "borderColor": "#ffffff",
                          "borderRadius": 28,
                          "elevation": 4,
                          "height": 28,
                          "shadowColor": "#151515",
                          "shadowOpacity": 0.2,
                          "shadowRadius": 4,
                          "width": 28,
                        },
                        undefined,
                        undefined,
                      ]
                    }
                  />
                </View>
              </View>
            </View>
            <View
              style={
                Array [
                  Object {
                    "alignItems": "center",
                    "backgroundColor": "transparent",
                    "height": 48,
                    "justifyContent": "center",
                    "position": "absolute",
                    "width": 48,
                  },
                  Object {
                    "right": -24,
                    "top": -24,
                  },
                  undefined,
                ]
              }
            >
              <View
                onMoveShouldSetResponder={[Function]}
                onMoveShouldSetResponderCapture={[Function]}
                onResponderEnd={[Function]}
                onResponderGrant={[Function]}
                onResponderMove={[Function]}
                onResponderReject={[Function]}
                onResponderRelease={[Function]}
                onResponderStart={[Function]}
                onResponderTerminate={[Function]}
                onResponderTerminationRequest={[Function]}
                onStartShouldSetResponder={[Function]}
                onStartShouldSetResponderCapture={[Function]}
                style={
                  Array [
                    Object {
                      "alignItems": "center",
                      "alignSelf": "stretch",
                      "backgroundColor": "transparent",
                      "justifyContent": "center",
                    },
                    Object {
                      "borderRadius": 15,
                    },
                  ]
                }
              >
                <View
                  accessible={true}
                  focusable={false}
                  onClick={[Function]}
                  onResponderGrant={[Function]}
                  onResponderMove={[Function]}
                  onResponderRelease={[Function]}
                  onResponderTerminate={[Function]}
                  onResponderTerminationRequest={[Function]}
                  onStartShouldSetResponder={[Function]}
                >
                  <View
                    style={
                      Array [
                        Object {
                          "backgroundColor": "#FFFFFF",
                          "borderColor": "#DDDDDD",
                          "borderRadius": 30,
                          "borderWidth": 1,
                          "height": 30,
                          "shadowColor": "#000000",
                          "shadowOffset": Object {
                            "height": 3,
                            "width": 0,
                          },
                          "shadowOpacity": 0.2,
                          "shadowRadius": 1,
                          "width": 30,
                        },
                        Object {
                          "backgroundColor": "#ffffff",
                          "borderColor": "#ffffff",
                          "borderRadius": 28,
                          "elevation": 4,
                          "height": 28,
                          "shadowColor": "#151515",
                          "shadowOpacity": 0.2,
                          "shadowRadius": 4,
                          "width": 28,
                        },
                        undefined,
                        undefined,
                      ]
                    }
                  />
                </View>
              </View>
            </View>
          </View>
        </View>
      </View>
    </View>
  </View>
</RCTScrollView>
`;
